Archive member included because of file (symbol)

/Users/cho45/project/raspberrypi-mruby-bare-metal/mruby/build/arm-eabi-raspberry-pi/lib/libmruby.a(load.o)
                              main.o (mrb_load_irep)
/Users/cho45/project/raspberrypi-mruby-bare-metal/mruby/build/arm-eabi-raspberry-pi/lib/libmruby.a(proc.o)
                              /Users/cho45/project/raspberrypi-mruby-bare-metal/mruby/build/arm-eabi-raspberry-pi/lib/libmruby.a(load.o) (mrb_proc_new)
/Users/cho45/project/raspberrypi-mruby-bare-metal/mruby/build/arm-eabi-raspberry-pi/lib/libmruby.a(state.o)
                              main.o (mrb_open)
/Users/cho45/project/raspberrypi-mruby-bare-metal/mruby/build/arm-eabi-raspberry-pi/lib/libmruby.a(string.o)
                              /Users/cho45/project/raspberrypi-mruby-bare-metal/mruby/build/arm-eabi-raspberry-pi/lib/libmruby.a(load.o) (mrb_str_new)
/Users/cho45/project/raspberrypi-mruby-bare-metal/mruby/build/arm-eabi-raspberry-pi/lib/libmruby.a(symbol.o)
                              /Users/cho45/project/raspberrypi-mruby-bare-metal/mruby/build/arm-eabi-raspberry-pi/lib/libmruby.a(load.o) (mrb_intern)
/Users/cho45/project/raspberrypi-mruby-bare-metal/mruby/build/arm-eabi-raspberry-pi/lib/libmruby.a(variable.o)
                              /Users/cho45/project/raspberrypi-mruby-bare-metal/mruby/build/arm-eabi-raspberry-pi/lib/libmruby.a(state.o) (mrb_gc_free_gv)
/Users/cho45/project/raspberrypi-mruby-bare-metal/mruby/build/arm-eabi-raspberry-pi/lib/libmruby.a(vm.o)
                              /Users/cho45/project/raspberrypi-mruby-bare-metal/mruby/build/arm-eabi-raspberry-pi/lib/libmruby.a(string.o) (mrb_funcall)
/Users/cho45/project/raspberrypi-mruby-bare-metal/mruby/build/arm-eabi-raspberry-pi/lib/libmruby.a(array.o)
                              /Users/cho45/project/raspberrypi-mruby-bare-metal/mruby/build/arm-eabi-raspberry-pi/lib/libmruby.a(string.o) (mrb_ary_new_capa)
/Users/cho45/project/raspberrypi-mruby-bare-metal/mruby/build/arm-eabi-raspberry-pi/lib/libmruby.a(class.o)
                              /Users/cho45/project/raspberrypi-mruby-bare-metal/mruby/build/arm-eabi-raspberry-pi/lib/libmruby.a(variable.o) (mrb_class_outer_module)
/Users/cho45/project/raspberrypi-mruby-bare-metal/mruby/build/arm-eabi-raspberry-pi/lib/libmruby.a(crc.o)
                              /Users/cho45/project/raspberrypi-mruby-bare-metal/mruby/build/arm-eabi-raspberry-pi/lib/libmruby.a(load.o) (calc_crc_16_ccitt)
/Users/cho45/project/raspberrypi-mruby-bare-metal/mruby/build/arm-eabi-raspberry-pi/lib/libmruby.a(debug.o)
                              /Users/cho45/project/raspberrypi-mruby-bare-metal/mruby/build/arm-eabi-raspberry-pi/lib/libmruby.a(state.o) (mrb_debug_info_free)
/Users/cho45/project/raspberrypi-mruby-bare-metal/mruby/build/arm-eabi-raspberry-pi/lib/libmruby.a(error.o)
                              /Users/cho45/project/raspberrypi-mruby-bare-metal/mruby/build/arm-eabi-raspberry-pi/lib/libmruby.a(load.o) (mrb_exc_new)
/Users/cho45/project/raspberrypi-mruby-bare-metal/mruby/build/arm-eabi-raspberry-pi/lib/libmruby.a(gc.o)
                              /Users/cho45/project/raspberrypi-mruby-bare-metal/mruby/build/arm-eabi-raspberry-pi/lib/libmruby.a(string.o) (mrb_realloc)
/Users/cho45/project/raspberrypi-mruby-bare-metal/mruby/build/arm-eabi-raspberry-pi/lib/libmruby.a(hash.o)
                              /Users/cho45/project/raspberrypi-mruby-bare-metal/mruby/build/arm-eabi-raspberry-pi/lib/libmruby.a(gc.o) (mrb_gc_mark_hash)
/Users/cho45/project/raspberrypi-mruby-bare-metal/mruby/build/arm-eabi-raspberry-pi/lib/libmruby.a(init.o)
                              /Users/cho45/project/raspberrypi-mruby-bare-metal/mruby/build/arm-eabi-raspberry-pi/lib/libmruby.a(state.o) (mrb_init_core)
/Users/cho45/project/raspberrypi-mruby-bare-metal/mruby/build/arm-eabi-raspberry-pi/lib/libmruby.a(kernel.o)
                              /Users/cho45/project/raspberrypi-mruby-bare-metal/mruby/build/arm-eabi-raspberry-pi/lib/libmruby.a(error.o) (mrb_obj_clone)
/Users/cho45/project/raspberrypi-mruby-bare-metal/mruby/build/arm-eabi-raspberry-pi/lib/libmruby.a(numeric.o)
                              /Users/cho45/project/raspberrypi-mruby-bare-metal/mruby/build/arm-eabi-raspberry-pi/lib/libmruby.a(init.o) (mrb_init_numeric)
/Users/cho45/project/raspberrypi-mruby-bare-metal/mruby/build/arm-eabi-raspberry-pi/lib/libmruby.a(object.o)
                              /Users/cho45/project/raspberrypi-mruby-bare-metal/mruby/build/arm-eabi-raspberry-pi/lib/libmruby.a(vm.o) (mrb_obj_eq)
/Users/cho45/project/raspberrypi-mruby-bare-metal/mruby/build/arm-eabi-raspberry-pi/lib/libmruby.a(print.o)
                              /Users/cho45/project/raspberrypi-mruby-bare-metal/mruby/build/arm-eabi-raspberry-pi/lib/libmruby.a(error.o) (mrb_p)
/Users/cho45/project/raspberrypi-mruby-bare-metal/mruby/build/arm-eabi-raspberry-pi/lib/libmruby.a(range.o)
[...]
Memory Configuration

Name             Origin             Length             Attributes
RAM              0x0000000000008000 0x0000000010000000
*default*        0x0000000000000000 0xffffffffffffffff

Linker script and memory map

LOAD vectors.o
LOAD main.o
LOAD syscalls.o
                0x0000000000100000                heap_size = 0x100000

.text           0x0000000000008000    0x4f998
 *(.text*)
 .text          0x0000000000008000      0x12c vectors.o
                0x0000000000008000                _start
                0x00000000000080b8                PUT32
                0x00000000000080c0                GET32
                0x00000000000080c8                dummy
                0x00000000000080cc                bss_start
                0x00000000000080d0                bss_end
                0x00000000000080e8                text_end
                0x00000000000080ec                mem_end
                0x00000000000080f0                heap_start
                0x00000000000080f4                heap_limit
                0x00000000000080f8                enable_irq
 .text          0x000000000000812c      0x134 main.o
                0x000000000000812c                TIM2_IRQHandler
                0x0000000000008140                main
 .text          0x0000000000008260      0x42c syscalls.o
                0x0000000000008260                initialise_monitor_handles
                0x0000000000008274                _read
                0x00000000000082a0                _lseek
                0x00000000000082cc                _write
                0x00000000000082f8                _open
                0x0000000000008324                _close
                0x0000000000008348                _exit
                0x000000000000835c                _kill
                0x0000000000008384                _getpid
                0x00000000000083a8                _sbrk
                0x000000000000845c                _fstat
                0x0000000000008484                _stat
                0x00000000000084ac                _link
                0x00000000000084c8                _unlink
                0x00000000000084e4                _raise
                0x00000000000084fc                _gettimeofday
                0x000000000000856c                _times
                0x00000000000085d4                _isatty
                0x00000000000085f8                _system
                0x000000000000863c                _rename
                0x0000000000008670                _fini
 .text          0x000000000000868c     0x201c /Users/cho45/project/raspberrypi-mruby-bare-metal/mruby/build/arm-eabi-raspberry-pi/lib/libmruby.a(load.o)
                0x0000000000009954                mrb_read_irep
                0x0000000000009be8                mrb_load_irep_cxt
                0x0000000000009cec                mrb_load_irep
                0x000000000000a10c                mrb_read_irep_file
                0x000000000000a568                mrb_load_irep_file_cxt
                0x000000000000a66c                mrb_load_irep_file
 .text          0x000000000000a6a8      0xb5c /Users/cho45/project/raspberrypi-mruby-bare-metal/mruby/build/arm-eabi-raspberry-pi/lib/libmruby.a(proc.o)
                0x000000000000a744                mrb_proc_new
                0x000000000000a95c                mrb_closure_new
                0x000000000000a9b8                mrb_proc_new_cfunc
                0x000000000000aa38                mrb_closure_new_cfunc
                0x000000000000aa80                mrb_proc_copy
                0x000000000000ac84                mrb_proc_cfunc_p
                0x000000000000acc4                mrb_proc_call_cfunc
                0x000000000000ad18                mrb_proc_iseq
                0x000000000000af40                mrb_init_proc
 .text          0x000000000000b204      0x9e4 /Users/cho45/project/raspberrypi-mruby-bare-metal/mruby/build/arm-eabi-raspberry-pi/lib/libmruby.a(state.o)
                0x000000000000b2a8                mrb_open_allocf
                0x000000000000b490                mrb_alloca
                0x000000000000b568                mrb_open
                0x000000000000b598                mrb_irep_incref
                0x000000000000b5cc                mrb_irep_decref
                0x000000000000b618                mrb_irep_free
                0x000000000000b7f4                mrb_str_pool
                0x000000000000b940                mrb_free_context
                0x000000000000b9cc                mrb_close
                0x000000000000ba40                mrb_add_irep
                0x000000000000bb28                mrb_top_self
 .text          0x000000000000bbe8     0x7218 /Users/cho45/project/raspberrypi-mruby-bare-metal/mruby/build/arm-eabi-raspberry-pi/lib/libmruby.a(string.o)
                0x000000000000be30                mrb_str_modify
                0x000000000000c074                mrb_str_resize
                0x000000000000c16c                mrb_str_offset
                0x000000000000c318                mrb_str_buf_new
                0x000000000000c5cc                mrb_str_buf_cat
                0x000000000000c650                mrb_str_new
                0x000000000000c6a0                mrb_str_new_cstr
                0x000000000000c744                mrb_str_new_static
                0x000000000000c7d8                mrb_gc_free_str
                0x000000000000c850                mrb_str_to_cstr
                0x000000000000caac                mrb_str_body
                0x000000000000caf0                mrb_str_concat
                0x000000000000cc28                mrb_str_plus
                0x000000000000cdd8                mrb_str_size
                0x000000000000d030                mrb_str_cmp
                0x000000000000d3f0                mrb_str_equal
                0x000000000000d61c                mrb_str_to_str
                0x000000000000d73c                mrb_string_value_ptr
                0x000000000000dc88                mrb_str_dup
                0x000000000000ecf8                mrb_str_substr
                0x000000000000ee50                mrb_str_buf_append
                0x000000000000eed8                mrb_str_hash
                0x000000000000f714                mrb_str_intern
                0x000000000000f784                mrb_obj_as_string
                0x000000000000f864                mrb_ptr_to_str
                0x000000000000f9b0                mrb_string_type
                0x000000000000fa2c                mrb_check_string_type
                0x0000000000010884                mrb_cstr_to_inum
                0x0000000000011058                mrb_string_value_cstr
                0x00000000000110e8                mrb_str_to_inum
                0x00000000000112f0                mrb_cstr_to_dbl
                0x00000000000116b8                mrb_str_to_dbl
                0x0000000000011ad8                mrb_str_dump
                0x00000000000121ac                mrb_str_cat
                0x0000000000012240                mrb_str_cat_cstr
                0x00000000000122b4                mrb_str_append
                0x0000000000012348                mrb_str_inspect
                0x0000000000012814                mrb_init_string
 .text          0x0000000000012e00     0x22c4 /Users/cho45/project/raspberrypi-mruby-bare-metal/mruby/build/arm-eabi-raspberry-pi/lib/libmruby.a(symbol.o)
                0x000000000001307c                kh_alloc_n2s
                0x0000000000013190                kh_init_n2s_size
                0x0000000000013270                kh_init_n2s
                0x000000000001329c                kh_destroy_n2s
                0x00000000000132e4                kh_clear_n2s
                0x000000000001335c                kh_get_n2s
                0x00000000000134c8                kh_resize_n2s
                0x000000000001367c                kh_put_n2s
                0x0000000000013974                kh_del_n2s
                0x00000000000139f0                kh_copy_n2s
                0x0000000000013c74                mrb_intern
                0x0000000000013cb0                mrb_intern_static
                0x0000000000013cec                mrb_intern_cstr
                0x0000000000013d2c                mrb_intern_str
                0x0000000000013d80                mrb_check_intern
                0x0000000000013e6c                mrb_check_intern_cstr
                0x0000000000013eb0                mrb_check_intern_str
                0x0000000000013f04                mrb_sym2name_len
                0x0000000000014014                mrb_free_symtbl
                0x00000000000140f0                mrb_init_symtbl
                0x00000000000141b4                mrb_sym_to_s
                0x0000000000014cc8                mrb_sym2str
                0x0000000000014d40                mrb_sym2name
                0x0000000000014fa4                mrb_init_symbol
 .text          0x00000000000150c4     0x320c /Users/cho45/project/raspberrypi-mruby-bare-metal/mruby/build/arm-eabi-raspberry-pi/lib/libmruby.a(variable.o)
                0x00000000000152a0                kh_alloc_iv
                0x00000000000153b4                kh_init_iv_size
                0x0000000000015494                kh_init_iv
                0x00000000000154c0                kh_destroy_iv
                0x0000000000015508                kh_clear_iv
                0x0000000000015580                kh_get_iv
                0x00000000000156b8                kh_resize_iv
                0x0000000000015878                kh_put_iv
                0x0000000000015b30                kh_del_iv
                0x0000000000015bac                kh_copy_iv
                0x0000000000016118                mrb_gc_mark_gv
                0x0000000000016144                mrb_gc_free_gv
                0x0000000000016180                mrb_gc_mark_iv
                0x00000000000161b0                mrb_gc_mark_iv_size
                0x00000000000161e8                mrb_gc_free_iv
                0x0000000000016228                mrb_vm_special_get
                0x0000000000016260                mrb_vm_special_set
                0x00000000000162e0                mrb_obj_iv_get
                0x0000000000016360                mrb_iv_get
                0x00000000000163d4                mrb_obj_iv_set
                0x0000000000016460                mrb_obj_iv_ifnone
                0x000000000001651c                mrb_iv_set
                0x00000000000165b4                mrb_obj_iv_defined
                0x0000000000016618                mrb_iv_defined
                0x0000000000016684                mrb_iv_copy
                0x0000000000016940                mrb_obj_iv_inspect
                0x0000000000016b64                mrb_iv_remove
                0x0000000000016c0c                mrb_vm_iv_get
                0x0000000000016c6c                mrb_vm_iv_set
                0x0000000000016db4                mrb_obj_instance_variables
                0x0000000000016f3c                mrb_mod_class_variables
                0x0000000000016ff8                mrb_mod_cv_get
                0x0000000000017104                mrb_cv_get
                0x0000000000017150                mrb_mod_cv_set
                0x0000000000017268                mrb_cv_set
                0x00000000000172bc                mrb_mod_cv_defined
                0x000000000001734c                mrb_cv_defined
                0x0000000000017398                mrb_vm_cv_get
                0x0000000000017410                mrb_vm_cv_set
                0x000000000001749c                mrb_const_defined
                0x0000000000017700                mrb_const_get
                0x000000000001776c                mrb_vm_const_get
                0x00000000000178b8                mrb_const_set
                0x000000000001793c                mrb_vm_const_set
                0x00000000000179c8                mrb_const_remove
                0x0000000000017a44                mrb_define_const
                0x0000000000017a98                mrb_define_global_const
                0x0000000000017bd0                mrb_mod_constants
                0x0000000000017ca8                mrb_gv_get
                0x0000000000017d38                mrb_gv_set
                0x0000000000017dcc                mrb_gv_remove
                0x0000000000017eb0                mrb_f_global_variables
                0x00000000000180e0                mrb_const_defined_at
                0x000000000001812c                mrb_attr_get
                0x0000000000018214                mrb_class_sym
 .text          0x00000000000182d0     0x8ba8 /Users/cho45/project/raspberrypi-mruby-bare-metal/mruby/build/arm-eabi-raspberry-pi/lib/libmruby.a(vm.o)
                0x0000000000019118                mrb_funcall
                0x0000000000019308                mrb_funcall_with_block
                0x0000000000019860                mrb_funcall_argv
                0x00000000000198f0                mrb_yield_internal
                0x0000000000019bac                mrb_yield_argv
                0x0000000000019c44                mrb_yield
                0x0000000000019fd4                mrb_context_run
                0x0000000000020df0                mrb_run
                0x0000000000020e54                mrb_longjmp
 .text          0x0000000000020e78     0x4390 /Users/cho45/project/raspberrypi-mruby-bare-metal/mruby/build/arm-eabi-raspberry-pi/lib/libmruby.a(array.o)
                0x0000000000021304                mrb_ary_new_capa
                0x0000000000021348                mrb_ary_new
                0x00000000000213f4                mrb_ary_new_from_values
                0x0000000000021474                mrb_assoc_new
                0x00000000000216c4                mrb_ary_modify
                0x0000000000021b58                mrb_ary_concat
                0x0000000000021ff0                mrb_ary_replace
                0x0000000000022454                mrb_ary_push
                0x00000000000225e0                mrb_ary_pop
                0x0000000000022678                mrb_ary_shift
                0x00000000000227f0                mrb_ary_unshift
                0x0000000000022b38                mrb_ary_ref
                0x0000000000022be8                mrb_ary_set
                0x0000000000022d64                mrb_ary_splice
                0x0000000000023020                mrb_ary_decref
                0x0000000000023ce8                mrb_ary_splat
                0x0000000000023e30                mrb_ary_clear
                0x0000000000023f28                mrb_check_array_type
                0x0000000000023fa4                mrb_ary_entry
                0x00000000000247e8                mrb_ary_join
                0x0000000000024d48                mrb_init_array
 .text          0x0000000000025208     0x6b00 /Users/cho45/project/raspberrypi-mruby-bare-metal/mruby/build/arm-eabi-raspberry-pi/lib/libmruby.a(class.o)
                0x0000000000025508                kh_alloc_mt
                0x000000000002561c                kh_init_mt_size
                0x00000000000256fc                kh_init_mt
                0x0000000000025728                kh_destroy_mt
                0x0000000000025770                kh_clear_mt
                0x00000000000257e8                kh_get_mt
                0x0000000000025920                kh_resize_mt
                0x0000000000025adc                kh_put_mt
                0x0000000000025d94                kh_del_mt
                0x0000000000025e10                kh_copy_mt
                0x0000000000025f08                mrb_gc_mark_mt
                0x0000000000025fe0                mrb_gc_mark_mt_size
                0x000000000002602c                mrb_gc_free_mt
                0x0000000000026474                mrb_class_outer_module
                0x000000000002656c                mrb_define_module_id
                0x00000000000265b0                mrb_define_module
                0x0000000000026600                mrb_vm_define_module
                0x000000000002664c                mrb_define_module_under
                0x0000000000026808                mrb_define_class_id
                0x000000000002689c                mrb_define_class
                0x00000000000268e4                mrb_vm_define_class
                0x0000000000026a70                mrb_class_defined
                0x0000000000026b0c                mrb_class_get_under
                0x0000000000026b54                mrb_class_get
                0x0000000000026b90                mrb_module_get_under
                0x0000000000026bd8                mrb_module_get
                0x0000000000026c14                mrb_define_class_under
                0x0000000000026c84                mrb_define_method_raw
                0x0000000000026d30                mrb_define_method_id
                0x0000000000026da0                mrb_define_method
                0x0000000000026df0                mrb_define_method_vm
                0x0000000000027104                mrb_get_args
                0x000000000002801c                mrb_include_module
                0x000000000002887c                mrb_mod_module_eval
                0x0000000000028954                mrb_mod_dummy_visibility
                0x000000000002899c                mrb_singleton_class
                0x0000000000028af0                mrb_define_singleton_method
                0x0000000000028b54                mrb_define_class_method
                0x0000000000028b94                mrb_define_module_function
                0x0000000000028bf0                mrb_method_search_vm
                0x0000000000028ccc                mrb_method_search
                0x0000000000028edc                mrb_instance_new
                0x0000000000028fd4                mrb_obj_new
                0x0000000000029218                mrb_class_superclass
                0x0000000000029518                mrb_obj_respond_to
                0x00000000000295d4                mrb_respond_to
                0x0000000000029640                mrb_class_path
                0x0000000000029870                mrb_class_real
                0x00000000000298c4                mrb_class_name
                0x00000000000299c4                mrb_obj_classname
                0x0000000000029a28                mrb_check_inheritable
                0x0000000000029b08                mrb_class_new
                0x0000000000029bb4                mrb_module_new
                0x0000000000029c04                mrb_obj_class
                0x0000000000029c64                mrb_alias_method
                0x0000000000029cd4                mrb_define_alias
                0x000000000002a0c0                mrb_mod_alias
                0x000000000002a218                mrb_undef_method
                0x000000000002a258                mrb_undef_class_method
                0x000000000002a2c4                mrb_mod_undef
                0x000000000002a984                mrb_mod_remove_cvar
                0x000000000002ad08                mrb_mod_remove_method
                0x000000000002af38                mrb_mod_const_defined
                0x000000000002b088                mrb_mod_const_get
                0x000000000002b11c                mrb_mod_const_set
                0x000000000002b1cc                mrb_mod_remove_const
                0x000000000002b2c8                mrb_mod_const_missing
                0x000000000002b460                mrb_init_class
 .text          0x000000000002bd08       0xdc /Users/cho45/project/raspberrypi-mruby-bare-metal/mruby/build/arm-eabi-raspberry-pi/lib/libmruby.a(crc.o)
                0x000000000002bd08                calc_crc_16_ccitt
 .text          0x000000000002bde4      0x91c /Users/cho45/project/raspberrypi-mruby-bare-metal/mruby/build/arm-eabi-raspberry-pi/lib/libmruby.a(debug.o)
                0x000000000002bf78                mrb_debug_get_filename
                0x000000000002c010                mrb_debug_get_line
                0x000000000002c1a8                mrb_debug_info_alloc
                0x000000000002c20c                mrb_debug_info_append_file
                0x000000000002c634                mrb_debug_info_free
 .text          0x000000000002c700     0x1df0 /Users/cho45/project/raspberrypi-mruby-bare-metal/mruby/build/arm-eabi-raspberry-pi/lib/libmruby.a(error.o)
                0x000000000002c8d0                mrb_exc_new
                0x000000000002c96c                mrb_exc_new_str
                0x000000000002d6ec                mrb_exc_raise
                0x000000000002d774                mrb_raise
                0x000000000002d7ec                mrb_vformat
                0x000000000002dad8                mrb_format
                0x000000000002db38                mrb_raisef
                0x000000000002dbc4                mrb_name_error
                0x000000000002dc98                mrb_warn
                0x000000000002dd2c                mrb_bug
                0x000000000002e148                mrb_make_exception
                0x000000000002e190                mrb_sys_fail
                0x000000000002e318                mrb_init_exception
 .text          0x000000000002e4f0     0x2a14 /Users/cho45/project/raspberrypi-mruby-bare-metal/mruby/build/arm-eabi-raspberry-pi/lib/libmruby.a(gc.o)
                0x000000000002e5dc                mrb_realloc_simple
                0x000000000002e67c                mrb_realloc
                0x000000000002e738                mrb_malloc
                0x000000000002e76c                mrb_malloc_simple
                0x000000000002e7a0                mrb_calloc
                0x000000000002e854                mrb_free
                0x000000000002eb4c                mrb_init_heap
                0x000000000002ebbc                mrb_free_heap
                0x000000000002ed4c                mrb_gc_protect
                0x000000000002ed9c                mrb_obj_alloc
                0x000000000002f4cc                mrb_gc_mark
                0x0000000000030338                mrb_incremental_gc
                0x00000000000304f8                mrb_full_gc
                0x000000000003060c                mrb_garbage_collect
                0x000000000003062c                mrb_gc_arena_save
                0x0000000000030654                mrb_gc_arena_restore
                0x0000000000030750                mrb_field_write_barrier
                0x0000000000030820                mrb_write_barrier
                0x0000000000030cfc                mrb_objspace_each_objects
                0x0000000000030d94                mrb_init_gc
 .text          0x0000000000030f04     0x39b8 /Users/cho45/project/raspberrypi-mruby-bare-metal/mruby/build/arm-eabi-raspberry-pi/lib/libmruby.a(hash.o)
                0x0000000000031230                kh_alloc_ht
                0x0000000000031344                kh_init_ht_size
                0x0000000000031424                kh_init_ht
                0x0000000000031450                kh_destroy_ht
                0x0000000000031498                kh_clear_ht
                0x0000000000031510                kh_get_ht
                0x0000000000031670                kh_resize_ht
                0x0000000000031838                kh_put_ht
                0x0000000000031b2c                kh_del_ht
                0x0000000000031ba8                kh_copy_ht
                0x0000000000031d2c                mrb_gc_mark_hash
                0x0000000000031e48                mrb_gc_mark_hash_size
                0x0000000000031e94                mrb_gc_free_hash
                0x0000000000031ed4                mrb_hash_new_capa
                0x0000000000031f6c                mrb_hash_new
                0x0000000000031fa0                mrb_hash_get
                0x000000000003214c                mrb_hash_fetch
                0x0000000000032210                mrb_hash_set
                0x000000000003251c                mrb_check_hash_type
                0x0000000000032598                mrb_hash_tbl
                0x0000000000032d18                mrb_hash_delete_key
                0x000000000003313c                mrb_hash_clear
                0x00000000000335e4                mrb_hash_empty_p
                0x0000000000033a50                mrb_hash_keys
                0x0000000000034428                mrb_init_hash
 .text          0x00000000000348bc      0x188 /Users/cho45/project/raspberrypi-mruby-bare-metal/mruby/build/arm-eabi-raspberry-pi/lib/libmruby.a(init.o)
                0x00000000000348bc                mrb_init_core
                0x0000000000034a28                mrb_final_core
 .text          0x0000000000034a44     0x38bc /Users/cho45/project/raspberrypi-mruby-bare-metal/mruby/build/arm-eabi-raspberry-pi/lib/libmruby.a(kernel.o)
                0x0000000000034dd8                mrb_obj_basic_to_s_p
                0x0000000000034ea0                mrb_obj_inspect
                0x0000000000035428                mrb_singleton_class_clone
                0x000000000003578c                mrb_obj_clone
                0x00000000000358c0                mrb_obj_dup
                0x0000000000035b70                mrb_obj_extend_m
                0x0000000000035bec                mrb_obj_hash
                0x0000000000035c40                mrb_obj_init_copy
                0x0000000000035d7c                mrb_obj_instance_eval
                0x0000000000035ea8                mrb_obj_is_instance_of
                0x0000000000036124                mrb_obj_ivar_defined
                0x00000000000361cc                mrb_obj_ivar_get
                0x0000000000036270                mrb_obj_ivar_set
                0x0000000000036330                mrb_obj_is_kind_of_m
                0x00000000000363c0                kh_alloc_st
                0x00000000000364c8                kh_init_st_size
                0x00000000000365a8                kh_init_st
                0x00000000000365d4                kh_destroy_st
                0x000000000003661c                kh_clear_st
                0x0000000000036694                kh_get_st
                0x00000000000367cc                kh_resize_st
                0x000000000003695c                kh_put_st
                0x0000000000036c14                kh_del_st
                0x0000000000036c90                kh_copy_st
                0x0000000000036e2c                mrb_class_instance_method_list
                0x0000000000036fd8                mrb_obj_singleton_methods
                0x00000000000371b4                mrb_obj_methods
                0x0000000000037254                mrb_obj_methods_m
                0x00000000000372d8                mrb_false
                0x0000000000037318                mrb_obj_private_methods
                0x000000000003739c                mrb_obj_protected_methods
                0x0000000000037420                mrb_obj_public_methods
                0x00000000000374a4                mrb_f_raise
                0x0000000000037670                mrb_obj_remove_instance_variable
                0x0000000000037ab4                mrb_obj_singleton_methods_m
                0x0000000000037c88                mrb_init_kernel
 .text          0x0000000000038300     0x3a04 /Users/cho45/project/raspberrypi-mruby-bare-metal/mruby/build/arm-eabi-raspberry-pi/lib/libmruby.a(numeric.o)
                0x000000000003866c                mrb_num_div
                0x00000000000387a0                mrb_flo_to_str
                0x0000000000039da0                mrb_fixnum_mul
                0x000000000003ad8c                mrb_flo_to_fixnum
                0x000000000003aec8                mrb_fixnum_plus
                0x000000000003b0dc                mrb_fixnum_minus
                0x000000000003b2c8                mrb_fixnum_to_str
                0x000000000003b6b8                mrb_init_numeric
 .text          0x000000000003bd04     0x1d78 /Users/cho45/project/raspberrypi-mruby-bare-metal/mruby/build/arm-eabi-raspberry-pi/lib/libmruby.a(object.o)
                0x000000000003bf8c                mrb_obj_eq
                0x000000000003c090                mrb_obj_equal
                0x000000000003c0f4                mrb_equal
                0x000000000003c558                mrb_init_object
                0x000000000003ca68                mrb_check_to_integer
                0x000000000003cb4c                mrb_convert_type
                0x000000000003cc8c                mrb_check_convert_type
                0x000000000003cd80                mrb_check_type
                0x000000000003cfcc                mrb_any_to_s
                0x000000000003d178                mrb_obj_is_kind_of
                0x000000000003d414                mrb_to_int
                0x000000000003d748                mrb_Integer
                0x000000000003d7ac                mrb_Float
                0x000000000003d908                mrb_inspect
                0x000000000003d9a8                mrb_eql
 .text          0x000000000003da7c      0x5f0 /Users/cho45/project/raspberrypi-mruby-bare-metal/mruby/build/arm-eabi-raspberry-pi/lib/libmruby.a(print.o)
                0x000000000003db4c                mrb_p
                0x000000000003dcf4                mrb_print_error
                0x000000000003decc                mrb_show_version
                0x000000000003df9c                mrb_show_copyright
 .text          0x000000000003e06c     0x15c8 /Users/cho45/project/raspberrypi-mruby-bare-metal/mruby/build/arm-eabi-raspberry-pi/lib/libmruby.a(range.o)
                0x000000000003e2a0                mrb_range_new
                0x000000000003e390                mrb_range_beg
                0x000000000003e3e4                mrb_range_end
                0x000000000003e43c                mrb_range_excl
                0x000000000003e55c                mrb_range_initialize
                0x000000000003e628                mrb_range_eq
                0x000000000003ea38                mrb_range_include
                0x000000000003eba0                mrb_range_each
                0x000000000003ebe8                mrb_range_beg_len
                0x000000000003f3b8                mrb_init_range
 .text          0x000000000003f634      0x1b0 /Users/cho45/project/raspberrypi-mruby-bare-metal/mruby/build/arm-eabi-raspberry-pi/lib/libmruby.a(version.o)
                0x000000000003f634                mrb_init_version
 .text          0x000000000003f7e4       0x30 /Users/cho45/project/raspberrypi-mruby-bare-metal/mruby/build/arm-eabi-raspberry-pi/lib/libmruby.a(mrblib.o)
                0x000000000003f7e4                mrb_init_mrblib
 .text          0x000000000003f814      0x73c /Users/cho45/project/raspberrypi-mruby-bare-metal/mruby/build/arm-eabi-raspberry-pi/lib/libmruby.a(backtrace.o)
                0x000000000003fe98                mrb_print_backtrace
                0x000000000003fedc                mrb_get_backtrace
 .text          0x000000000003ff50       0x28 /Users/cho45/project/raspberrypi-mruby-bare-metal/mruby/build/arm-eabi-raspberry-pi/lib/libmruby.a(compar.o)
                0x000000000003ff50                mrb_init_comparable
 .text          0x000000000003ff78       0x28 /Users/cho45/project/raspberrypi-mruby-bare-metal/mruby/build/arm-eabi-raspberry-pi/lib/libmruby.a(enum.o)
                0x000000000003ff78                mrb_init_enumerable
 .text          0x000000000003ffa0      0x6e8 /Users/cho45/project/raspberrypi-mruby-bare-metal/mruby/build/arm-eabi-raspberry-pi/lib/libmruby.a(etc.o)
                0x00000000000400bc                mrb_data_object_alloc
                0x0000000000040114                mrb_data_check_type
                0x00000000000402c4                mrb_data_check_get_ptr
                0x0000000000040338                mrb_data_get_ptr
                0x0000000000040398                mrb_obj_to_sym
                0x0000000000040584                mrb_obj_id
 .text          0x0000000000040688        0x0 /Users/cho45/arm-cs-tools/arm-none-eabi/lib//libc.a(lib_a-abort.o)
 .text.abort    0x0000000000040688       0x14 /Users/cho45/arm-cs-tools/arm-none-eabi/lib//libc.a(lib_a-abort.o)
                0x0000000000040688                abort
 .text          0x000000000004069c        0x0 /Users/cho45/arm-cs-tools/arm-none-eabi/lib//libc.a(lib_a-abs.o)
 .text.abs      0x000000000004069c        0xc /Users/cho45/arm-cs-tools/arm-none-eabi/lib//libc.a(lib_a-abs.o)
                0x000000000004069c                abs
 .text          0x00000000000406a8        0x0 /Users/cho45/arm-cs-tools/arm-none-eabi/lib//libc.a(lib_a-ctype_.o)
 .text          0x00000000000406a8        0x0 /Users/cho45/arm-cs-tools/arm-none-eabi/lib//libc.a(lib_a-errno.o)
 .text.__errno  0x00000000000406a8       0x10 /Users/cho45/arm-cs-tools/arm-none-eabi/lib//libc.a(lib_a-errno.o)
                0x00000000000406a8                __errno
 .text          0x00000000000406b8        0x0 /Users/cho45/arm-cs-tools/arm-none-eabi/lib//libc.a(lib_a-exit.o)
 .text.exit     0x00000000000406b8       0x34 /Users/cho45/arm-cs-tools/arm-none-eabi/lib//libc.a(lib_a-exit.o)
                0x00000000000406b8                exit
 .text          0x00000000000406ec        0x0 /Users/cho45/arm-cs-tools/arm-none-eabi/lib//libc.a(lib_a-fputs.o)
 .text._fputs_r
                0x00000000000406ec       0x84 /Users/cho45/arm-cs-tools/arm-none-eabi/lib//libc.a(lib_a-fputs.o)
                0x00000000000406ec                _fputs_r
 .text.fputs    0x0000000000040770       0x1c /Users/cho45/arm-cs-tools/arm-none-eabi/lib//libc.a(lib_a-fputs.o)
                0x0000000000040770                fputs
 .text          0x000000000004078c        0x0 /Users/cho45/arm-cs-tools/arm-none-eabi/lib//libc.a(lib_a-fread.o)
 .text._fread_r
                0x000000000004078c      0x100 /Users/cho45/arm-cs-tools/arm-none-eabi/lib//libc.a(lib_a-fread.o)
                0x000000000004078c                _fread_r
 .text.fread    0x000000000004088c       0x38 /Users/cho45/arm-cs-tools/arm-none-eabi/lib//libc.a(lib_a-fread.o)
                0x000000000004088c                fread
 .text          0x00000000000408c4        0x0 /Users/cho45/arm-cs-tools/arm-none-eabi/lib//libc.a(lib_a-fseek.o)
 .text._fseek_r
                0x00000000000408c4      0x414 /Users/cho45/arm-cs-tools/arm-none-eabi/lib//libc.a(lib_a-fseek.o)
                0x00000000000408c4                _fseek_r
 .text.fseek    0x0000000000040cd8       0x2c /Users/cho45/arm-cs-tools/arm-none-eabi/lib//libc.a(lib_a-fseek.o)
                0x0000000000040cd8                fseek
 .text          0x0000000000040d04        0x0 /Users/cho45/arm-cs-tools/arm-none-eabi/lib//libc.a(lib_a-fstatr.o)
 .text._fstat_r
                0x0000000000040d04       0x40 /Users/cho45/arm-cs-tools/arm-none-eabi/lib//libc.a(lib_a-fstatr.o)
                0x0000000000040d04                _fstat_r
 .text          0x0000000000040d44        0x0 /Users/cho45/arm-cs-tools/arm-none-eabi/lib//libc.a(lib_a-ftell.o)
 .text._ftell_r
                0x0000000000040d44       0xc4 /Users/cho45/arm-cs-tools/arm-none-eabi/lib//libc.a(lib_a-ftell.o)
                0x0000000000040d44                _ftell_r
 .text.ftell    0x0000000000040e08       0x14 /Users/cho45/arm-cs-tools/arm-none-eabi/lib//libc.a(lib_a-ftell.o)
                0x0000000000040e08                ftell
 .text          0x0000000000040e1c        0x0 /Users/cho45/arm-cs-tools/arm-none-eabi/lib//libc.a(lib_a-fvwrite.o)
 .text.__sfvwrite_r
                0x0000000000040e1c      0x468 /Users/cho45/arm-cs-tools/arm-none-eabi/lib//libc.a(lib_a-fvwrite.o)
                0x0000000000040e1c                __sfvwrite_r
 .text          0x0000000000041284        0x0 /Users/cho45/arm-cs-tools/arm-none-eabi/lib//libc.a(lib_a-fwrite.o)
 .text._fwrite_r
                0x0000000000041284       0x9c /Users/cho45/arm-cs-tools/arm-none-eabi/lib//libc.a(lib_a-fwrite.o)
                0x0000000000041284                _fwrite_r
 .text.fwrite   0x0000000000041320       0x38 /Users/cho45/arm-cs-tools/arm-none-eabi/lib//libc.a(lib_a-fwrite.o)
                0x0000000000041320                fwrite
 .text          0x0000000000041358        0x0 /Users/cho45/arm-cs-tools/arm-none-eabi/lib//libc.a(lib_a-impure.o)
 .text          0x0000000000041358        0x0 /Users/cho45/arm-cs-tools/arm-none-eabi/lib//libc.a(lib_a-makebuf.o)
 .text.__smakebuf_r
                0x0000000000041358      0x140 /Users/cho45/arm-cs-tools/arm-none-eabi/lib//libc.a(lib_a-makebuf.o)
                0x0000000000041358                __smakebuf_r
 .text          0x0000000000041498        0x0 /Users/cho45/arm-cs-tools/arm-none-eabi/lib//libc.a(lib_a-malloc.o)
 .text.malloc   0x0000000000041498       0x20 /Users/cho45/arm-cs-tools/arm-none-eabi/lib//libc.a(lib_a-malloc.o)
                0x0000000000041498                malloc
 .text.free     0x00000000000414b8       0x20 /Users/cho45/arm-cs-tools/arm-none-eabi/lib//libc.a(lib_a-malloc.o)
                0x00000000000414b8                free
 .text          0x00000000000414d8        0x0 /Users/cho45/arm-cs-tools/arm-none-eabi/lib//libc.a(lib_a-mallocr.o)
 .text._malloc_r
                0x00000000000414d8      0x62c /Users/cho45/arm-cs-tools/arm-none-eabi/lib//libc.a(lib_a-mallocr.o)
                0x00000000000414d8                _malloc_r
 .text          0x0000000000041b04        0x0 /Users/cho45/arm-cs-tools/arm-none-eabi/lib//libc.a(lib_a-memchr.o)
 .text.memchr   0x0000000000041b04       0x34 /Users/cho45/arm-cs-tools/arm-none-eabi/lib//libc.a(lib_a-memchr.o)
                0x0000000000041b04                memchr
 .text          0x0000000000041b38        0x0 /Users/cho45/arm-cs-tools/arm-none-eabi/lib//libc.a(lib_a-memcmp.o)
 .text.memcmp   0x0000000000041b38       0x3c /Users/cho45/arm-cs-tools/arm-none-eabi/lib//libc.a(lib_a-memcmp.o)
                0x0000000000041b38                memcmp
 .text          0x0000000000041b74        0x0 /Users/cho45/arm-cs-tools/arm-none-eabi/lib//libc.a(lib_a-memcpy.o)
 .text.memcpy   0x0000000000041b74       0x28 /Users/cho45/arm-cs-tools/arm-none-eabi/lib//libc.a(lib_a-memcpy.o)
                0x0000000000041b74                memcpy
 .text          0x0000000000041b9c        0x0 /Users/cho45/arm-cs-tools/arm-none-eabi/lib//libc.a(lib_a-memmove.o)
 .text.memmove  0x0000000000041b9c       0x5c /Users/cho45/arm-cs-tools/arm-none-eabi/lib//libc.a(lib_a-memmove.o)
                0x0000000000041b9c                memmove
 .text          0x0000000000041bf8        0x0 /Users/cho45/arm-cs-tools/arm-none-eabi/lib//libc.a(lib_a-memset.o)
 .text.memset   0x0000000000041bf8       0x1c /Users/cho45/arm-cs-tools/arm-none-eabi/lib//libc.a(lib_a-memset.o)
                0x0000000000041bf8                memset
 .text          0x0000000000041c14        0x0 /Users/cho45/arm-cs-tools/arm-none-eabi/lib//libc.a(lib_a-mlock.o)
 .text.__malloc_lock
                0x0000000000041c14        0x4 /Users/cho45/arm-cs-tools/arm-none-eabi/lib//libc.a(lib_a-mlock.o)
                0x0000000000041c14                __malloc_lock
 .text.__malloc_unlock
                0x0000000000041c18        0x4 /Users/cho45/arm-cs-tools/arm-none-eabi/lib//libc.a(lib_a-mlock.o)
                0x0000000000041c18                __malloc_unlock
 .text          0x0000000000041c1c        0x0 /Users/cho45/arm-cs-tools/arm-none-eabi/lib//libc.a(lib_a-printf.o)
 .text._printf_r
                0x0000000000041c1c       0x28 /Users/cho45/arm-cs-tools/arm-none-eabi/lib//libc.a(lib_a-printf.o)
                0x0000000000041c1c                _printf_r
 .text.printf   0x0000000000041c44       0x34 /Users/cho45/arm-cs-tools/arm-none-eabi/lib//libc.a(lib_a-printf.o)
                0x0000000000041c44                printf
 .text          0x0000000000041c78        0x0 /Users/cho45/arm-cs-tools/arm-none-eabi/lib//libc.a(lib_a-realloc.o)
 .text.realloc  0x0000000000041c78       0x28 /Users/cho45/arm-cs-tools/arm-none-eabi/lib//libc.a(lib_a-realloc.o)
                0x0000000000041c78                realloc
 .text          0x0000000000041ca0        0x0 /Users/cho45/arm-cs-tools/arm-none-eabi/lib//libc.a(lib_a-reallocr.o)
 .text._realloc_r
                0x0000000000041ca0      0x454 /Users/cho45/arm-cs-tools/arm-none-eabi/lib//libc.a(lib_a-reallocr.o)
                0x0000000000041ca0                _realloc_r
 .text          0x00000000000420f4        0x0 /Users/cho45/arm-cs-tools/arm-none-eabi/lib//libc.a(lib_a-reent.o)
 .text.cleanup_glue
                0x00000000000420f4       0x2c /Users/cho45/arm-cs-tools/arm-none-eabi/lib//libc.a(lib_a-reent.o)
                0x00000000000420f4                cleanup_glue
 .text._reclaim_reent
                0x0000000000042120       0xf8 /Users/cho45/arm-cs-tools/arm-none-eabi/lib//libc.a(lib_a-reent.o)
                0x0000000000042120                _reclaim_reent
 .text._wrapup_reent
                0x0000000000042218       0x64 /Users/cho45/arm-cs-tools/arm-none-eabi/lib//libc.a(lib_a-reent.o)
                0x0000000000042218                _wrapup_reent
 .text          0x000000000004227c        0x0 /Users/cho45/arm-cs-tools/arm-none-eabi/lib//libc.a(lib_a-refill.o)
 .text.lflush   0x000000000004227c       0x28 /Users/cho45/arm-cs-tools/arm-none-eabi/lib//libc.a(lib_a-refill.o)
 .text.__srefill_r
                0x00000000000422a4      0x170 /Users/cho45/arm-cs-tools/arm-none-eabi/lib//libc.a(lib_a-refill.o)
                0x00000000000422a4                __srefill_r
 .text          0x0000000000042414        0x0 /Users/cho45/arm-cs-tools/arm-none-eabi/lib//libc.a(lib_a-s_fpclassify.o)
 .text.__fpclassifyd
                0x0000000000042414       0x6c /Users/cho45/arm-cs-tools/arm-none-eabi/lib//libc.a(lib_a-s_fpclassify.o)
                0x0000000000042414                __fpclassifyd
 .text          0x0000000000042480        0x0 /Users/cho45/arm-cs-tools/arm-none-eabi/lib//libc.a(lib_a-sbrkr.o)
 .text._sbrk_r  0x0000000000042480       0x3c /Users/cho45/arm-cs-tools/arm-none-eabi/lib//libc.a(lib_a-sbrkr.o)
                0x0000000000042480                _sbrk_r
 .text          0x00000000000424bc       0x2c /Users/cho45/arm-cs-tools/arm-none-eabi/lib//libc.a(lib_a-setjmp.o)
                0x00000000000424bc                setjmp
                0x00000000000424d0                longjmp
 .text          0x00000000000424e8        0x0 /Users/cho45/arm-cs-tools/arm-none-eabi/lib//libc.a(lib_a-signal.o)
 .text._init_signal_r
                0x00000000000424e8       0x5c /Users/cho45/arm-cs-tools/arm-none-eabi/lib//libc.a(lib_a-signal.o)
                0x00000000000424e8                _init_signal_r
 .text._signal_r
                0x0000000000042544       0x54 /Users/cho45/arm-cs-tools/arm-none-eabi/lib//libc.a(lib_a-signal.o)
                0x0000000000042544                _signal_r
 .text._raise_r
                0x0000000000042598       0x98 /Users/cho45/arm-cs-tools/arm-none-eabi/lib//libc.a(lib_a-signal.o)
                0x0000000000042598                _raise_r
 .text.__sigtramp_r
                0x0000000000042630       0x90 /Users/cho45/arm-cs-tools/arm-none-eabi/lib//libc.a(lib_a-signal.o)
                0x0000000000042630                __sigtramp_r
 .text.raise    0x00000000000426c0       0x14 /Users/cho45/arm-cs-tools/arm-none-eabi/lib//libc.a(lib_a-signal.o)
                0x00000000000426c0                raise
 .text.signal   0x00000000000426d4       0x1c /Users/cho45/arm-cs-tools/arm-none-eabi/lib//libc.a(lib_a-signal.o)
                0x00000000000426d4                signal
 .text._init_signal
                0x00000000000426f0       0x10 /Users/cho45/arm-cs-tools/arm-none-eabi/lib//libc.a(lib_a-signal.o)
                0x00000000000426f0                _init_signal
 .text.__sigtramp
                0x0000000000042700       0x14 /Users/cho45/arm-cs-tools/arm-none-eabi/lib//libc.a(lib_a-signal.o)
                0x0000000000042700                __sigtramp
 .text          0x0000000000042714        0x0 /Users/cho45/arm-cs-tools/arm-none-eabi/lib//libc.a(lib_a-signalr.o)
 .text._kill_r  0x0000000000042714       0x40 /Users/cho45/arm-cs-tools/arm-none-eabi/lib//libc.a(lib_a-signalr.o)
                0x0000000000042714                _kill_r
 .text._getpid_r
                0x0000000000042754       0x10 /Users/cho45/arm-cs-tools/arm-none-eabi/lib//libc.a(lib_a-signalr.o)
                0x0000000000042754                _getpid_r
 .text          0x0000000000042764        0x0 /Users/cho45/arm-cs-tools/arm-none-eabi/lib//libc.a(lib_a-stdio.o)
 .text.__sread  0x0000000000042764       0x34 /Users/cho45/arm-cs-tools/arm-none-eabi/lib//libc.a(lib_a-stdio.o)
                0x0000000000042764                __sread
 .text.__seofread
                0x0000000000042798        0x8 /Users/cho45/arm-cs-tools/arm-none-eabi/lib//libc.a(lib_a-stdio.o)
                0x0000000000042798                __seofread
 .text.__swrite
                0x00000000000427a0       0x54 /Users/cho45/arm-cs-tools/arm-none-eabi/lib//libc.a(lib_a-stdio.o)
                0x00000000000427a0                __swrite
 .text.__sseek  0x00000000000427f4       0x34 /Users/cho45/arm-cs-tools/arm-none-eabi/lib//libc.a(lib_a-stdio.o)
                0x00000000000427f4                __sseek
 .text.__sclose
                0x0000000000042828       0x14 /Users/cho45/arm-cs-tools/arm-none-eabi/lib//libc.a(lib_a-stdio.o)
                0x0000000000042828                __sclose
 .text          0x000000000004283c        0x0 /Users/cho45/arm-cs-tools/arm-none-eabi/lib//libc.a(lib_a-strcmp.o)
 .text.strcmp   0x000000000004283c       0x1c /Users/cho45/arm-cs-tools/arm-none-eabi/lib//libc.a(lib_a-strcmp.o)
                0x000000000004283c                strcmp
 .text          0x0000000000042858        0x0 /Users/cho45/arm-cs-tools/arm-none-eabi/lib//libc.a(lib_a-strlen.o)
 .text.strlen   0x0000000000042858       0x1c /Users/cho45/arm-cs-tools/arm-none-eabi/lib//libc.a(lib_a-strlen.o)
                0x0000000000042858                strlen
 .text          0x0000000000042874        0x0 /Users/cho45/arm-cs-tools/arm-none-eabi/lib//libc.a(lib_a-strtod.o)
 .text.match    0x0000000000042874       0x58 /Users/cho45/arm-cs-tools/arm-none-eabi/lib//libc.a(lib_a-strtod.o)
 .text._strtod_r
                0x00000000000428cc     0x1184 /Users/cho45/arm-cs-tools/arm-none-eabi/lib//libc.a(lib_a-strtod.o)
                0x00000000000428cc                _strtod_r
 .text.strtod   0x0000000000043a50       0x1c /Users/cho45/arm-cs-tools/arm-none-eabi/lib//libc.a(lib_a-strtod.o)
                0x0000000000043a50                strtod
 .text.strtof   0x0000000000043a6c       0xf4 /Users/cho45/arm-cs-tools/arm-none-eabi/lib//libc.a(lib_a-strtod.o)
                0x0000000000043a6c                strtof
 .text          0x0000000000043b60        0x0 /Users/cho45/arm-cs-tools/arm-none-eabi/lib//libc.a(lib_a-strtoul.o)
 .text._strtoul_r
                0x0000000000043b60      0x19c /Users/cho45/arm-cs-tools/arm-none-eabi/lib//libc.a(lib_a-strtoul.o)
                0x0000000000043b60                _strtoul_r
 .text.strtoul  0x0000000000043cfc       0x2c /Users/cho45/arm-cs-tools/arm-none-eabi/lib//libc.a(lib_a-strtoul.o)
                0x0000000000043cfc                strtoul
 .text          0x0000000000043d28        0x0 /Users/cho45/arm-cs-tools/arm-none-eabi/lib//libc.a(lib_a-vfprintf.o)
 .text._vfprintf_r
                0x0000000000043d28     0x1a04 /Users/cho45/arm-cs-tools/arm-none-eabi/lib//libc.a(lib_a-vfprintf.o)
                0x0000000000043d28                _vfprintf_r
 .text.vfprintf
                0x000000000004572c       0x2c /Users/cho45/arm-cs-tools/arm-none-eabi/lib//libc.a(lib_a-vfprintf.o)
                0x000000000004572c                vfprintf
 .text          0x0000000000045758        0x0 /Users/cho45/arm-cs-tools/arm-none-eabi/lib//libc.a(lib_a-vsnprintf.o)
 .text._vsnprintf_r
                0x0000000000045758       0x84 /Users/cho45/arm-cs-tools/arm-none-eabi/lib//libc.a(lib_a-vsnprintf.o)
                0x0000000000045758                _vsnprintf_r
 .text.vsnprintf
                0x00000000000457dc       0x38 /Users/cho45/arm-cs-tools/arm-none-eabi/lib//libc.a(lib_a-vsnprintf.o)
                0x00000000000457dc                vsnprintf
 .text          0x0000000000045814        0x0 /Users/cho45/arm-cs-tools/arm-none-eabi/lib//libc.a(lib_a-wbuf.o)
 .text.__swbuf_r
                0x0000000000045814      0x11c /Users/cho45/arm-cs-tools/arm-none-eabi/lib//libc.a(lib_a-wbuf.o)
                0x0000000000045814                __swbuf_r
 .text.__swbuf  0x0000000000045930       0x1c /Users/cho45/arm-cs-tools/arm-none-eabi/lib//libc.a(lib_a-wbuf.o)
                0x0000000000045930                __swbuf
 .text          0x000000000004594c        0x0 /Users/cho45/arm-cs-tools/arm-none-eabi/lib//libc.a(lib_a-writer.o)
 .text._write_r
                0x000000000004594c       0x44 /Users/cho45/arm-cs-tools/arm-none-eabi/lib//libc.a(lib_a-writer.o)
                0x000000000004594c                _write_r
 .text          0x0000000000045990        0x0 /Users/cho45/arm-cs-tools/arm-none-eabi/lib//libc.a(lib_a-wsetup.o)
 .text.__swsetup_r
                0x0000000000045990      0x11c /Users/cho45/arm-cs-tools/arm-none-eabi/lib//libc.a(lib_a-wsetup.o)
                0x0000000000045990                __swsetup_r
 .text          0x0000000000045aac        0x0 /Users/cho45/arm-cs-tools/arm-none-eabi/lib//libc.a(lib_a-__call_atexit.o)
 .text.startup.register_fini
                0x0000000000045aac       0x24 /Users/cho45/arm-cs-tools/arm-none-eabi/lib//libc.a(lib_a-__call_atexit.o)
 .text.__call_exitprocs
                0x0000000000045ad0      0x150 /Users/cho45/arm-cs-tools/arm-none-eabi/lib//libc.a(lib_a-__call_atexit.o)
                0x0000000000045ad0                __call_exitprocs
 .text          0x0000000000045c20        0x0 /Users/cho45/arm-cs-tools/arm-none-eabi/lib//libc.a(lib_a-atexit.o)
 .text.atexit   0x0000000000045c20       0x20 /Users/cho45/arm-cs-tools/arm-none-eabi/lib//libc.a(lib_a-atexit.o)
                0x0000000000045c20                atexit
 .text          0x0000000000045c40        0x0 /Users/cho45/arm-cs-tools/arm-none-eabi/lib//libc.a(lib_a-closer.o)
 .text._close_r
                0x0000000000045c40       0x3c /Users/cho45/arm-cs-tools/arm-none-eabi/lib//libc.a(lib_a-closer.o)
                0x0000000000045c40                _close_r
 .text          0x0000000000045c7c        0x0 /Users/cho45/arm-cs-tools/arm-none-eabi/lib//libc.a(lib_a-dtoa.o)
 .text.quorem   0x0000000000045c7c      0x1b8 /Users/cho45/arm-cs-tools/arm-none-eabi/lib//libc.a(lib_a-dtoa.o)
 .text._dtoa_r  0x0000000000045e34     0x129c /Users/cho45/arm-cs-tools/arm-none-eabi/lib//libc.a(lib_a-dtoa.o)
                0x0000000000045e34                _dtoa_r
 .text          0x00000000000470d0        0x0 /Users/cho45/arm-cs-tools/arm-none-eabi/lib//libc.a(lib_a-fflush.o)
 .text._fflush_r
                0x00000000000470d0      0x208 /Users/cho45/arm-cs-tools/arm-none-eabi/lib//libc.a(lib_a-fflush.o)
                0x00000000000470d0                _fflush_r
 .text.fflush   0x00000000000472d8       0x44 /Users/cho45/arm-cs-tools/arm-none-eabi/lib//libc.a(lib_a-fflush.o)
                0x00000000000472d8                fflush
 .text          0x000000000004731c        0x0 /Users/cho45/arm-cs-tools/arm-none-eabi/lib//libc.a(lib_a-findfp.o)
 .text.__fp_lock
                0x000000000004731c        0x8 /Users/cho45/arm-cs-tools/arm-none-eabi/lib//libc.a(lib_a-findfp.o)
 .text.__fp_unlock
                0x0000000000047324        0x8 /Users/cho45/arm-cs-tools/arm-none-eabi/lib//libc.a(lib_a-findfp.o)
 .text._cleanup_r
                0x000000000004732c       0x18 /Users/cho45/arm-cs-tools/arm-none-eabi/lib//libc.a(lib_a-findfp.o)
                0x000000000004732c                _cleanup_r
 .text.std.isra.0
                0x0000000000047344       0x7c /Users/cho45/arm-cs-tools/arm-none-eabi/lib//libc.a(lib_a-findfp.o)
 .text.__sfmoreglue
                0x00000000000473c0       0x44 /Users/cho45/arm-cs-tools/arm-none-eabi/lib//libc.a(lib_a-findfp.o)
                0x00000000000473c0                __sfmoreglue
 .text._cleanup
                0x0000000000047404       0x10 /Users/cho45/arm-cs-tools/arm-none-eabi/lib//libc.a(lib_a-findfp.o)
                0x0000000000047404                _cleanup
 .text.__sinit  0x0000000000047414       0x78 /Users/cho45/arm-cs-tools/arm-none-eabi/lib//libc.a(lib_a-findfp.o)
                0x0000000000047414                __sinit
 .text.__sfp    0x000000000004748c       0xdc /Users/cho45/arm-cs-tools/arm-none-eabi/lib//libc.a(lib_a-findfp.o)
                0x000000000004748c                __sfp
 .text.__sfp_lock_acquire
                0x0000000000047568        0x4 /Users/cho45/arm-cs-tools/arm-none-eabi/lib//libc.a(lib_a-findfp.o)
                0x0000000000047568                __sfp_lock_acquire
 .text.__sfp_lock_release
                0x000000000004756c        0x4 /Users/cho45/arm-cs-tools/arm-none-eabi/lib//libc.a(lib_a-findfp.o)
                0x000000000004756c                __sfp_lock_release
 .text.__sinit_lock_acquire
                0x0000000000047570        0x4 /Users/cho45/arm-cs-tools/arm-none-eabi/lib//libc.a(lib_a-findfp.o)
                0x0000000000047570                __sinit_lock_acquire
 .text.__sinit_lock_release
                0x0000000000047574        0x4 /Users/cho45/arm-cs-tools/arm-none-eabi/lib//libc.a(lib_a-findfp.o)
                0x0000000000047574                __sinit_lock_release
 .text.__fp_lock_all
                0x0000000000047578       0x24 /Users/cho45/arm-cs-tools/arm-none-eabi/lib//libc.a(lib_a-findfp.o)
                0x0000000000047578                __fp_lock_all
 .text.__fp_unlock_all
                0x000000000004759c       0x24 /Users/cho45/arm-cs-tools/arm-none-eabi/lib//libc.a(lib_a-findfp.o)
                0x000000000004759c                __fp_unlock_all
 .text          0x00000000000475c0        0x0 /Users/cho45/arm-cs-tools/arm-none-eabi/lib//libc.a(lib_a-fini.o)
 .text.__libc_fini_array
                0x00000000000475c0       0x50 /Users/cho45/arm-cs-tools/arm-none-eabi/lib//libc.a(lib_a-fini.o)
                0x00000000000475c0                __libc_fini_array
 .text          0x0000000000047610        0x0 /Users/cho45/arm-cs-tools/arm-none-eabi/lib//libc.a(lib_a-freer.o)
 .text._malloc_trim_r
                0x0000000000047610       0xfc /Users/cho45/arm-cs-tools/arm-none-eabi/lib//libc.a(lib_a-freer.o)
                0x0000000000047610                _malloc_trim_r
 .text._free_r  0x000000000004770c      0x244 /Users/cho45/arm-cs-tools/arm-none-eabi/lib//libc.a(lib_a-freer.o)
                0x000000000004770c                _free_r
 .text          0x0000000000047950        0x0 /Users/cho45/arm-cs-tools/arm-none-eabi/lib//libc.a(lib_a-fwalk.o)
 .text._fwalk   0x0000000000047950       0x78 /Users/cho45/arm-cs-tools/arm-none-eabi/lib//libc.a(lib_a-fwalk.o)
                0x0000000000047950                _fwalk
 .text._fwalk_reent
                0x00000000000479c8       0x7c /Users/cho45/arm-cs-tools/arm-none-eabi/lib//libc.a(lib_a-fwalk.o)
                0x00000000000479c8                _fwalk_reent
 .text          0x0000000000047a44        0x0 /Users/cho45/arm-cs-tools/arm-none-eabi/lib//libc.a(lib_a-gdtoa-gethex.o)
 .text.rshift   0x0000000000047a44       0xb0 /Users/cho45/arm-cs-tools/arm-none-eabi/lib//libc.a(lib_a-gdtoa-gethex.o)
 .text.htinit.constprop.0
                0x0000000000047af4       0x34 /Users/cho45/arm-cs-tools/arm-none-eabi/lib//libc.a(lib_a-gdtoa-gethex.o)
 .text.__hexdig_init
                0x0000000000047b28       0x38 /Users/cho45/arm-cs-tools/arm-none-eabi/lib//libc.a(lib_a-gdtoa-gethex.o)
                0x0000000000047b28                __hexdig_init
 .text.__gethex
                0x0000000000047b60      0x6e8 /Users/cho45/arm-cs-tools/arm-none-eabi/lib//libc.a(lib_a-gdtoa-gethex.o)
                0x0000000000047b60                __gethex
 .text          0x0000000000048248        0x0 /Users/cho45/arm-cs-tools/arm-none-eabi/lib//libc.a(lib_a-gdtoa-hexnan.o)
 .text.L_shift  0x0000000000048248       0x38 /Users/cho45/arm-cs-tools/arm-none-eabi/lib//libc.a(lib_a-gdtoa-hexnan.o)
 .text.__hexnan
                0x0000000000048280      0x1f4 /Users/cho45/arm-cs-tools/arm-none-eabi/lib//libc.a(lib_a-gdtoa-hexnan.o)
                0x0000000000048280                __hexnan
 .text          0x0000000000048474        0x0 /Users/cho45/arm-cs-tools/arm-none-eabi/lib//libc.a(lib_a-isattyr.o)
 .text._isatty_r
                0x0000000000048474       0x3c /Users/cho45/arm-cs-tools/arm-none-eabi/lib//libc.a(lib_a-isattyr.o)
                0x0000000000048474                _isatty_r
 .text          0x00000000000484b0        0x0 /Users/cho45/arm-cs-tools/arm-none-eabi/lib//libc.a(lib_a-locale.o)
 .text._setlocale_r
                0x00000000000484b0       0x6c /Users/cho45/arm-cs-tools/arm-none-eabi/lib//libc.a(lib_a-locale.o)
                0x00000000000484b0                _setlocale_r
 .text.__locale_charset
                0x000000000004851c        0xc /Users/cho45/arm-cs-tools/arm-none-eabi/lib//libc.a(lib_a-locale.o)
                0x000000000004851c                __locale_charset
 .text.__locale_mb_cur_max
                0x0000000000048528       0x10 /Users/cho45/arm-cs-tools/arm-none-eabi/lib//libc.a(lib_a-locale.o)
                0x0000000000048528                __locale_mb_cur_max
 .text.__locale_msgcharset
                0x0000000000048538        0xc /Users/cho45/arm-cs-tools/arm-none-eabi/lib//libc.a(lib_a-locale.o)
                0x0000000000048538                __locale_msgcharset
 .text.__locale_cjk_lang
                0x0000000000048544        0x8 /Users/cho45/arm-cs-tools/arm-none-eabi/lib//libc.a(lib_a-locale.o)
                0x0000000000048544                __locale_cjk_lang
 .text._localeconv_r
                0x000000000004854c        0xc /Users/cho45/arm-cs-tools/arm-none-eabi/lib//libc.a(lib_a-locale.o)
                0x000000000004854c                _localeconv_r
 .text.setlocale
                0x0000000000048558       0x1c /Users/cho45/arm-cs-tools/arm-none-eabi/lib//libc.a(lib_a-locale.o)
                0x0000000000048558                setlocale
 .text.localeconv
                0x0000000000048574        0xc /Users/cho45/arm-cs-tools/arm-none-eabi/lib//libc.a(lib_a-locale.o)
                0x0000000000048574                localeconv
 .text          0x0000000000048580        0x0 /Users/cho45/arm-cs-tools/arm-none-eabi/lib//libc.a(lib_a-lseekr.o)
 .text._lseek_r
                0x0000000000048580       0x44 /Users/cho45/arm-cs-tools/arm-none-eabi/lib//libc.a(lib_a-lseekr.o)
                0x0000000000048580                _lseek_r
 .text          0x00000000000485c4        0x0 /Users/cho45/arm-cs-tools/arm-none-eabi/lib//libc.a(lib_a-mprec.o)
 .text._Balloc  0x00000000000485c4       0x8c /Users/cho45/arm-cs-tools/arm-none-eabi/lib//libc.a(lib_a-mprec.o)
                0x00000000000485c4                _Balloc
 .text._Bfree   0x0000000000048650       0x1c /Users/cho45/arm-cs-tools/arm-none-eabi/lib//libc.a(lib_a-mprec.o)
                0x0000000000048650                _Bfree
 .text.__multadd
                0x000000000004866c       0xbc /Users/cho45/arm-cs-tools/arm-none-eabi/lib//libc.a(lib_a-mprec.o)
                0x000000000004866c                __multadd
 .text.__s2b    0x0000000000048728       0xd8 /Users/cho45/arm-cs-tools/arm-none-eabi/lib//libc.a(lib_a-mprec.o)
                0x0000000000048728                __s2b
 .text.__hi0bits
                0x0000000000048800       0x58 /Users/cho45/arm-cs-tools/arm-none-eabi/lib//libc.a(lib_a-mprec.o)
                0x0000000000048800                __hi0bits
 .text.__lo0bits
                0x0000000000048858       0x94 /Users/cho45/arm-cs-tools/arm-none-eabi/lib//libc.a(lib_a-mprec.o)
                0x0000000000048858                __lo0bits
 .text.__i2b    0x00000000000488ec       0x24 /Users/cho45/arm-cs-tools/arm-none-eabi/lib//libc.a(lib_a-mprec.o)
                0x00000000000488ec                __i2b
 .text.__multiply
                0x0000000000048910      0x1b0 /Users/cho45/arm-cs-tools/arm-none-eabi/lib//libc.a(lib_a-mprec.o)
                0x0000000000048910                __multiply
 .text.__pow5mult
                0x0000000000048ac0       0xdc /Users/cho45/arm-cs-tools/arm-none-eabi/lib//libc.a(lib_a-mprec.o)
                0x0000000000048ac0                __pow5mult
 .text.__lshift
                0x0000000000048b9c       0xf0 /Users/cho45/arm-cs-tools/arm-none-eabi/lib//libc.a(lib_a-mprec.o)
                0x0000000000048b9c                __lshift
 .text.__mcmp   0x0000000000048c8c       0x68 /Users/cho45/arm-cs-tools/arm-none-eabi/lib//libc.a(lib_a-mprec.o)
                0x0000000000048c8c                __mcmp
 .text.__mdiff  0x0000000000048cf4      0x128 /Users/cho45/arm-cs-tools/arm-none-eabi/lib//libc.a(lib_a-mprec.o)
                0x0000000000048cf4                __mdiff
 .text.__ulp    0x0000000000048e1c       0x5c /Users/cho45/arm-cs-tools/arm-none-eabi/lib//libc.a(lib_a-mprec.o)
                0x0000000000048e1c                __ulp
 .text.__b2d    0x0000000000048e78       0xc8 /Users/cho45/arm-cs-tools/arm-none-eabi/lib//libc.a(lib_a-mprec.o)
                0x0000000000048e78                __b2d
 .text.__d2b    0x0000000000048f40       0xfc /Users/cho45/arm-cs-tools/arm-none-eabi/lib//libc.a(lib_a-mprec.o)
                0x0000000000048f40                __d2b
 .text.__ratio  0x000000000004903c       0x70 /Users/cho45/arm-cs-tools/arm-none-eabi/lib//libc.a(lib_a-mprec.o)
                0x000000000004903c                __ratio
 .text._mprec_log10
                0x00000000000490ac       0x4c /Users/cho45/arm-cs-tools/arm-none-eabi/lib//libc.a(lib_a-mprec.o)
                0x00000000000490ac                _mprec_log10
 .text.__copybits
                0x00000000000490f8       0x50 /Users/cho45/arm-cs-tools/arm-none-eabi/lib//libc.a(lib_a-mprec.o)
                0x00000000000490f8                __copybits
 .text.__any_on
                0x0000000000049148       0x7c /Users/cho45/arm-cs-tools/arm-none-eabi/lib//libc.a(lib_a-mprec.o)
                0x0000000000049148                __any_on
 .text          0x00000000000491c4        0x0 /Users/cho45/arm-cs-tools/arm-none-eabi/lib//libc.a(lib_a-readr.o)
 .text._read_r  0x00000000000491c4       0x44 /Users/cho45/arm-cs-tools/arm-none-eabi/lib//libc.a(lib_a-readr.o)
                0x00000000000491c4                _read_r
 .text          0x0000000000049208        0x0 /Users/cho45/arm-cs-tools/arm-none-eabi/lib//libc.a(lib_a-strncmp.o)
 .text.strncmp  0x0000000000049208       0x68 /Users/cho45/arm-cs-tools/arm-none-eabi/lib//libc.a(lib_a-strncmp.o)
                0x0000000000049208                strncmp
 .text          0x0000000000049270        0x0 /Users/cho45/arm-cs-tools/arm-none-eabi/lib//libc.a(lib_a-svfprintf.o)
 .text._svfprintf_r
                0x0000000000049270     0x18d4 /Users/cho45/arm-cs-tools/arm-none-eabi/lib//libc.a(lib_a-svfprintf.o)
                0x0000000000049270                _svfprintf_r
 .text          0x000000000004ab44        0x0 /Users/cho45/arm-cs-tools/arm-none-eabi/lib//libc.a(lib_a-vfiprintf.o)
 .text.__sprint_r
                0x000000000004ab44       0xb0 /Users/cho45/arm-cs-tools/arm-none-eabi/lib//libc.a(lib_a-vfiprintf.o)
                0x000000000004ab44                __sprint_r
 .text._vfiprintf_r
                0x000000000004abf4      0xd94 /Users/cho45/arm-cs-tools/arm-none-eabi/lib//libc.a(lib_a-vfiprintf.o)
                0x000000000004abf4                _vfiprintf_r
 .text.vfiprintf
                0x000000000004b988       0x2c /Users/cho45/arm-cs-tools/arm-none-eabi/lib//libc.a(lib_a-vfiprintf.o)
                0x000000000004b988                vfiprintf
 .text          0x000000000004b9b4        0x0 /Users/cho45/arm-cs-tools/arm-none-eabi/lib//libc.a(lib_a-__atexit.o)
 .text.__register_exitproc
                0x000000000004b9b4       0xdc /Users/cho45/arm-cs-tools/arm-none-eabi/lib//libc.a(lib_a-__atexit.o)
                0x000000000004b9b4                __register_exitproc
 .text          0x000000000004ba90        0x0 /Users/cho45/arm-cs-tools/arm-none-eabi/lib//libc.a(lib_a-callocr.o)
 .text._calloc_r
                0x000000000004ba90       0x90 /Users/cho45/arm-cs-tools/arm-none-eabi/lib//libc.a(lib_a-callocr.o)
                0x000000000004ba90                _calloc_r
 .text          0x000000000004bb20        0x0 /Users/cho45/arm-cs-tools/arm-none-eabi/lib//libc.a(lib_a-fclose.o)
 .text._fclose_r
                0x000000000004bb20       0xe0 /Users/cho45/arm-cs-tools/arm-none-eabi/lib//libc.a(lib_a-fclose.o)
                0x000000000004bb20                _fclose_r
 .text.fclose   0x000000000004bc00       0x14 /Users/cho45/arm-cs-tools/arm-none-eabi/lib//libc.a(lib_a-fclose.o)
                0x000000000004bc00                fclose
 .text          0x000000000004bc14        0x0 /Users/cho45/arm-cs-tools/arm-none-eabi/lib//libc.a(lib_a-fputwc.o)
 .text._fputwc_r
                0x000000000004bc14      0x138 /Users/cho45/arm-cs-tools/arm-none-eabi/lib//libc.a(lib_a-fputwc.o)
                0x000000000004bc14                _fputwc_r
 .text.fputwc   0x000000000004bd4c       0x44 /Users/cho45/arm-cs-tools/arm-none-eabi/lib//libc.a(lib_a-fputwc.o)
                0x000000000004bd4c                fputwc
 .text          0x000000000004bd90        0x0 /Users/cho45/arm-cs-tools/arm-none-eabi/lib//libc.a(lib_a-svfiprintf.o)
 .text.__ssprint_r
                0x000000000004bd90      0x188 /Users/cho45/arm-cs-tools/arm-none-eabi/lib//libc.a(lib_a-svfiprintf.o)
                0x000000000004bd90                __ssprint_r
 .text._svfiprintf_r
                0x000000000004bf18      0xca4 /Users/cho45/arm-cs-tools/arm-none-eabi/lib//libc.a(lib_a-svfiprintf.o)
                0x000000000004bf18                _svfiprintf_r
 .text          0x000000000004cbbc        0x0 /Users/cho45/arm-cs-tools/arm-none-eabi/lib//libc.a(lib_a-wcrtomb.o)
 .text._wcrtomb_r
                0x000000000004cbbc       0x84 /Users/cho45/arm-cs-tools/arm-none-eabi/lib//libc.a(lib_a-wcrtomb.o)
                0x000000000004cbbc                _wcrtomb_r
 .text.wcrtomb  0x000000000004cc40       0x2c /Users/cho45/arm-cs-tools/arm-none-eabi/lib//libc.a(lib_a-wcrtomb.o)
                0x000000000004cc40                wcrtomb
 .text          0x000000000004cc6c        0x0 /Users/cho45/arm-cs-tools/arm-none-eabi/lib//libc.a(lib_a-wctomb_r.o)
 .text.__ascii_wctomb
                0x000000000004cc6c       0x2c /Users/cho45/arm-cs-tools/arm-none-eabi/lib//libc.a(lib_a-wctomb_r.o)
                0x000000000004cc6c                __ascii_wctomb
 .text._wctomb_r
                0x000000000004cc98       0x48 /Users/cho45/arm-cs-tools/arm-none-eabi/lib//libc.a(lib_a-wctomb_r.o)
                0x000000000004cc98                _wctomb_r
 .text          0x000000000004cce0        0x0 /Users/cho45/arm-cs-tools/arm-none-eabi/lib//libm.a(lib_a-s_ceil.o)
 .text.ceil     0x000000000004cce0      0x180 /Users/cho45/arm-cs-tools/arm-none-eabi/lib//libm.a(lib_a-s_ceil.o)
                0x000000000004cce0                ceil
 .text          0x000000000004ce60        0x0 /Users/cho45/arm-cs-tools/arm-none-eabi/lib//libm.a(lib_a-s_floor.o)
 .text.floor    0x000000000004ce60      0x184 /Users/cho45/arm-cs-tools/arm-none-eabi/lib//libm.a(lib_a-s_floor.o)
                0x000000000004ce60                floor
 .text          0x000000000004cfe4        0x0 /Users/cho45/arm-cs-tools/arm-none-eabi/lib//libm.a(lib_a-w_fmod.o)
 .text.fmod     0x000000000004cfe4      0x130 /Users/cho45/arm-cs-tools/arm-none-eabi/lib//libm.a(lib_a-w_fmod.o)
                0x000000000004cfe4                fmod
 .text          0x000000000004d114        0x0 /Users/cho45/arm-cs-tools/arm-none-eabi/lib//libm.a(lib_a-w_log10.o)
 .text.log10    0x000000000004d114      0x170 /Users/cho45/arm-cs-tools/arm-none-eabi/lib//libm.a(lib_a-w_log10.o)
                0x000000000004d114                log10
 .text          0x000000000004d284        0x0 /Users/cho45/arm-cs-tools/arm-none-eabi/lib//libm.a(lib_a-w_pow.o)
 .text.pow      0x000000000004d284      0x4bc /Users/cho45/arm-cs-tools/arm-none-eabi/lib//libm.a(lib_a-w_pow.o)
                0x000000000004d284                pow
 .text          0x000000000004d740        0x0 /Users/cho45/arm-cs-tools/arm-none-eabi/lib//libm.a(lib_a-e_fmod.o)
 .text.__ieee754_fmod
                0x000000000004d740      0x310 /Users/cho45/arm-cs-tools/arm-none-eabi/lib//libm.a(lib_a-e_fmod.o)
                0x000000000004d740                __ieee754_fmod
 .text          0x000000000004da50        0x0 /Users/cho45/arm-cs-tools/arm-none-eabi/lib//libm.a(lib_a-e_log10.o)
 .text.__ieee754_log10
                0x000000000004da50      0x17c /Users/cho45/arm-cs-tools/arm-none-eabi/lib//libm.a(lib_a-e_log10.o)
                0x000000000004da50                __ieee754_log10
 .text          0x000000000004dbcc        0x0 /Users/cho45/arm-cs-tools/arm-none-eabi/lib//libm.a(lib_a-e_pow.o)
 .text.__ieee754_pow
                0x000000000004dbcc     0x103c /Users/cho45/arm-cs-tools/arm-none-eabi/lib//libm.a(lib_a-e_pow.o)
                0x000000000004dbcc                __ieee754_pow
 .text          0x000000000004ec08        0x0 /Users/cho45/arm-cs-tools/arm-none-eabi/lib//libm.a(lib_a-e_sqrt.o)
 .text.__ieee754_sqrt
                0x000000000004ec08      0x20c /Users/cho45/arm-cs-tools/arm-none-eabi/lib//libm.a(lib_a-e_sqrt.o)
                0x000000000004ec08                __ieee754_sqrt
 .text          0x000000000004ee14        0x0 /Users/cho45/arm-cs-tools/arm-none-eabi/lib//libm.a(lib_a-s_fabs.o)
 .text.fabs     0x000000000004ee14        0x8 /Users/cho45/arm-cs-tools/arm-none-eabi/lib//libm.a(lib_a-s_fabs.o)
                0x000000000004ee14                fabs
 .text          0x000000000004ee1c        0x0 /Users/cho45/arm-cs-tools/arm-none-eabi/lib//libm.a(lib_a-s_finite.o)
 .text.finite   0x000000000004ee1c       0x10 /Users/cho45/arm-cs-tools/arm-none-eabi/lib//libm.a(lib_a-s_finite.o)
                0x000000000004ee1c                finite
 .text          0x000000000004ee2c        0x0 /Users/cho45/arm-cs-tools/arm-none-eabi/lib//libm.a(lib_a-s_lib_ver.o)
 .text          0x000000000004ee2c        0x0 /Users/cho45/arm-cs-tools/arm-none-eabi/lib//libm.a(lib_a-s_matherr.o)
 .text.matherr  0x000000000004ee2c        0x8 /Users/cho45/arm-cs-tools/arm-none-eabi/lib//libm.a(lib_a-s_matherr.o)
                0x000000000004ee2c                matherr
 .text          0x000000000004ee34        0x0 /Users/cho45/arm-cs-tools/arm-none-eabi/lib//libm.a(lib_a-s_nan.o)
 .text.nan      0x000000000004ee34       0x10 /Users/cho45/arm-cs-tools/arm-none-eabi/lib//libm.a(lib_a-s_nan.o)
                0x000000000004ee34                nan
 .text          0x000000000004ee44        0x0 /Users/cho45/arm-cs-tools/arm-none-eabi/lib//libm.a(lib_a-s_rint.o)
 .text.rint     0x000000000004ee44      0x18c /Users/cho45/arm-cs-tools/arm-none-eabi/lib//libm.a(lib_a-s_rint.o)
                0x000000000004ee44                rint
 .text          0x000000000004efd0        0x0 /Users/cho45/arm-cs-tools/arm-none-eabi/lib//libm.a(lib_a-s_scalbn.o)
 .text.scalbn   0x000000000004efd0      0x174 /Users/cho45/arm-cs-tools/arm-none-eabi/lib//libm.a(lib_a-s_scalbn.o)
                0x000000000004efd0                scalbn
 .text          0x000000000004f144        0x0 /Users/cho45/arm-cs-tools/arm-none-eabi/lib//libm.a(lib_a-e_log.o)
 .text.__ieee754_log
                0x000000000004f144      0x5bc /Users/cho45/arm-cs-tools/arm-none-eabi/lib//libm.a(lib_a-e_log.o)
                0x000000000004f144                __ieee754_log
 .text          0x000000000004f700        0x0 /Users/cho45/arm-cs-tools/arm-none-eabi/lib//libm.a(lib_a-s_copysign.o)
 .text.copysign
                0x000000000004f700       0x20 /Users/cho45/arm-cs-tools/arm-none-eabi/lib//libm.a(lib_a-s_copysign.o)
                0x000000000004f700                copysign
 .text          0x000000000004f720      0x114 /Users/cho45/arm-cs-tools/lib/gcc/arm-none-eabi/4.7.3/libgcc.a(_udivsi3.o)
                0x000000000004f720                __udivsi3
                0x000000000004f720                __aeabi_uidiv
                0x000000000004f814                __aeabi_uidivmod
 .text          0x000000000004f834      0x148 /Users/cho45/arm-cs-tools/lib/gcc/arm-none-eabi/4.7.3/libgcc.a(_divsi3.o)
                0x000000000004f834                __aeabi_idiv
                0x000000000004f834                __divsi3
                0x000000000004f95c                __aeabi_idivmod
 .text          0x000000000004f97c        0x4 /Users/cho45/arm-cs-tools/lib/gcc/arm-none-eabi/4.7.3/libgcc.a(_dvmd_tls.o)
                0x000000000004f97c                __aeabi_ldiv0
                0x000000000004f97c                __aeabi_idiv0
 .text          0x000000000004f980      0x41c /Users/cho45/arm-cs-tools/lib/gcc/arm-none-eabi/4.7.3/libgcc.a(_arm_addsubdf3.o)
                0x000000000004f980                __aeabi_drsub
                0x000000000004f988                __subdf3
                0x000000000004f988                __aeabi_dsub
                0x000000000004f98c                __aeabi_dadd
                0x000000000004f98c                __adddf3
                0x000000000004fc9c                __aeabi_ui2d
                0x000000000004fc9c                __floatunsidf
                0x000000000004fcc0                __floatsidf
                0x000000000004fcc0                __aeabi_i2d
                0x000000000004fce8                __extendsfdf2
                0x000000000004fce8                __aeabi_f2d
                0x000000000004fd28                __aeabi_ul2d
                0x000000000004fd28                __floatundidf
                0x000000000004fd3c                __aeabi_l2d
                0x000000000004fd3c                __floatdidf
 .text          0x000000000004fd9c      0x49c /Users/cho45/arm-cs-tools/lib/gcc/arm-none-eabi/4.7.3/libgcc.a(_arm_muldivdf3.o)
                0x000000000004fd9c                __aeabi_dmul
                0x000000000004fd9c                __muldf3
                0x000000000005002c                __aeabi_ddiv
                0x000000000005002c                __divdf3
 .text          0x0000000000050238      0x144 /Users/cho45/arm-cs-tools/lib/gcc/arm-none-eabi/4.7.3/libgcc.a(_arm_cmpdf2.o)
                0x0000000000050238                __gtdf2
                0x0000000000050238                __gedf2
                0x0000000000050240                __ltdf2
                0x0000000000050240                __ledf2
                0x0000000000050248                __eqdf2
                0x0000000000050248                __nedf2
                0x0000000000050248                __cmpdf2
                0x00000000000502d0                __aeabi_cdrcmple
                0x00000000000502ec                __aeabi_cdcmple
                0x00000000000502ec                __aeabi_cdcmpeq
                0x0000000000050304                __aeabi_dcmpeq
                0x000000000005031c                __aeabi_dcmplt
                0x0000000000050334                __aeabi_dcmple
                0x000000000005034c                __aeabi_dcmpge
                0x0000000000050364                __aeabi_dcmpgt
 .text          0x000000000005037c       0x5c /Users/cho45/arm-cs-tools/lib/gcc/arm-none-eabi/4.7.3/libgcc.a(_arm_fixdfsi.o)
                0x000000000005037c                __fixdfsi
                0x000000000005037c                __aeabi_d2iz
 .text          0x00000000000503d8       0x54 /Users/cho45/arm-cs-tools/lib/gcc/arm-none-eabi/4.7.3/libgcc.a(_arm_fixunsdfsi.o)
                0x00000000000503d8                __fixunsdfsi
                0x00000000000503d8                __aeabi_d2uiz
 .text          0x000000000005042c       0xa0 /Users/cho45/arm-cs-tools/lib/gcc/arm-none-eabi/4.7.3/libgcc.a(_arm_truncdfsf2.o)
                0x000000000005042c                __aeabi_d2f
                0x000000000005042c                __truncdfsf2
 .text          0x00000000000504cc      0x114 /Users/cho45/arm-cs-tools/lib/gcc/arm-none-eabi/4.7.3/libgcc.a(_arm_cmpsf2.o)
                0x00000000000504cc                __gesf2
                0x00000000000504cc                __gtsf2
                0x00000000000504d4                __ltsf2
                0x00000000000504d4                __lesf2
                0x00000000000504dc                __nesf2
                0x00000000000504dc                __eqsf2
                0x00000000000504dc                __cmpsf2
                0x0000000000050540                __aeabi_cfrcmple
                0x0000000000050550                __aeabi_cfcmpeq
                0x0000000000050550                __aeabi_cfcmple
                0x0000000000050568                __aeabi_fcmpeq
                0x0000000000050580                __aeabi_fcmplt
                0x0000000000050598                __aeabi_fcmple
                0x00000000000505b0                __aeabi_fcmpge
                0x00000000000505c8                __aeabi_fcmpgt
 .text          0x00000000000505e0       0x3c /Users/cho45/arm-cs-tools/lib/gcc/arm-none-eabi/4.7.3/libgcc.a(_aeabi_uldivmod.o)
                0x00000000000505e0                __aeabi_uldivmod
 .text          0x000000000005061c       0x84 /Users/cho45/arm-cs-tools/lib/gcc/arm-none-eabi/4.7.3/libgcc.a(bpabi.o)
                0x000000000005061c                __gnu_ldivmod_helper
                0x0000000000050660                __gnu_uldivmod_helper
 .text          0x00000000000506a0      0x4f0 /Users/cho45/arm-cs-tools/lib/gcc/arm-none-eabi/4.7.3/libgcc.a(_divdi3.o)
                0x00000000000506a0                __divdi3
 .text          0x0000000000050b90      0x488 /Users/cho45/arm-cs-tools/lib/gcc/arm-none-eabi/4.7.3/libgcc.a(_udivdi3.o)
                0x0000000000050b90                __udivdi3
 .text          0x0000000000051018       0x48 /Users/cho45/arm-cs-tools/lib/gcc/arm-none-eabi/4.7.3/libgcc.a(_clzsi2.o)
                0x0000000000051018                __clzsi2
 *(.rodata)
 .rodata        0x0000000000051060      0x1cc main.o
                0x0000000000051078                code
 .rodata        0x000000000005122c       0x64 /Users/cho45/project/raspberrypi-mruby-bare-metal/mruby/build/arm-eabi-raspberry-pi/lib/libmruby.a(load.o)
 .rodata        0x0000000000051290       0xe0 /Users/cho45/project/raspberrypi-mruby-bare-metal/mruby/build/arm-eabi-raspberry-pi/lib/libmruby.a(proc.o)
 .rodata        0x0000000000051370      0x134 /Users/cho45/project/raspberrypi-mruby-bare-metal/mruby/build/arm-eabi-raspberry-pi/lib/libmruby.a(state.o)
 .rodata        0x00000000000514a4      0x460 /Users/cho45/project/raspberrypi-mruby-bare-metal/mruby/build/arm-eabi-raspberry-pi/lib/libmruby.a(string.o)
                0x00000000000514a4                mrb_digitmap
 .rodata        0x0000000000051904       0x78 /Users/cho45/project/raspberrypi-mruby-bare-metal/mruby/build/arm-eabi-raspberry-pi/lib/libmruby.a(symbol.o)
 .rodata        0x000000000005197c       0xd8 /Users/cho45/project/raspberrypi-mruby-bare-metal/mruby/build/arm-eabi-raspberry-pi/lib/libmruby.a(variable.o)
 .rodata        0x0000000000051a54      0x1e0 /Users/cho45/project/raspberrypi-mruby-bare-metal/mruby/build/arm-eabi-raspberry-pi/lib/libmruby.a(vm.o)
 .rodata        0x0000000000051c34      0x204 /Users/cho45/project/raspberrypi-mruby-bare-metal/mruby/build/arm-eabi-raspberry-pi/lib/libmruby.a(array.o)
 .rodata        0x0000000000051e38      0x728 /Users/cho45/project/raspberrypi-mruby-bare-metal/mruby/build/arm-eabi-raspberry-pi/lib/libmruby.a(class.o)
 .rodata        0x0000000000052560        0xc /Users/cho45/project/raspberrypi-mruby-bare-metal/mruby/build/arm-eabi-raspberry-pi/lib/libmruby.a(debug.o)
 .rodata        0x000000000005256c      0x1a4 /Users/cho45/project/raspberrypi-mruby-bare-metal/mruby/build/arm-eabi-raspberry-pi/lib/libmruby.a(error.o)
 .rodata        0x0000000000052710       0xd4 /Users/cho45/project/raspberrypi-mruby-bare-metal/mruby/build/arm-eabi-raspberry-pi/lib/libmruby.a(gc.o)
 .rodata        0x00000000000527e4      0x1a0 /Users/cho45/project/raspberrypi-mruby-bare-metal/mruby/build/arm-eabi-raspberry-pi/lib/libmruby.a(hash.o)
 .rodata        0x0000000000052984      0x3d0 /Users/cho45/project/raspberrypi-mruby-bare-metal/mruby/build/arm-eabi-raspberry-pi/lib/libmruby.a(kernel.o)
 .rodata        0x0000000000052d54      0x1c8 /Users/cho45/project/raspberrypi-mruby-bare-metal/mruby/build/arm-eabi-raspberry-pi/lib/libmruby.a(numeric.o)
 .rodata        0x0000000000052f1c      0x2f4 /Users/cho45/project/raspberrypi-mruby-bare-metal/mruby/build/arm-eabi-raspberry-pi/lib/libmruby.a(object.o)
 .rodata        0x0000000000053210       0x30 /Users/cho45/project/raspberrypi-mruby-bare-metal/mruby/build/arm-eabi-raspberry-pi/lib/libmruby.a(print.o)
 .rodata        0x0000000000053240       0xf8 /Users/cho45/project/raspberrypi-mruby-bare-metal/mruby/build/arm-eabi-raspberry-pi/lib/libmruby.a(range.o)
 .rodata        0x0000000000053338       0xd4 /Users/cho45/project/raspberrypi-mruby-bare-metal/mruby/build/arm-eabi-raspberry-pi/lib/libmruby.a(version.o)
 .rodata        0x000000000005340c     0x4104 /Users/cho45/project/raspberrypi-mruby-bare-metal/mruby/build/arm-eabi-raspberry-pi/lib/libmruby.a(mrblib.o)
                0x000000000005340c                mrblib_irep
 .rodata        0x0000000000057510       0x74 /Users/cho45/project/raspberrypi-mruby-bare-metal/mruby/build/arm-eabi-raspberry-pi/lib/libmruby.a(backtrace.o)
 .rodata        0x0000000000057584        0xc /Users/cho45/project/raspberrypi-mruby-bare-metal/mruby/build/arm-eabi-raspberry-pi/lib/libmruby.a(compar.o)
 .rodata        0x0000000000057590        0xc /Users/cho45/project/raspberrypi-mruby-bare-metal/mruby/build/arm-eabi-raspberry-pi/lib/libmruby.a(enum.o)
 .rodata        0x000000000005759c       0x68 /Users/cho45/project/raspberrypi-mruby-bare-metal/mruby/build/arm-eabi-raspberry-pi/lib/libmruby.a(etc.o)
 *(.rodata.*)
 .rodata._ctype_
                0x0000000000057604      0x101 /Users/cho45/arm-cs-tools/arm-none-eabi/lib//libc.a(lib_a-ctype_.o)
                0x0000000000057604                _ctype_
 .rodata.str1.1
                0x0000000000057705        0x2 /Users/cho45/arm-cs-tools/arm-none-eabi/lib//libc.a(lib_a-impure.o)
 *fill*         0x0000000000057707        0x1 
 .rodata._global_impure_ptr
                0x0000000000057708        0x4 /Users/cho45/arm-cs-tools/arm-none-eabi/lib//libc.a(lib_a-impure.o)
                0x0000000000057708                _global_impure_ptr
 .rodata.str1.1
                0x0000000000000000        0x2 /Users/cho45/arm-cs-tools/arm-none-eabi/lib//libc.a(lib_a-strtod.o)
                                          0xc (size before relaxing)
 *fill*         0x000000000005770c        0x4 
 .rodata.tinytens
                0x0000000000057710       0x28 /Users/cho45/arm-cs-tools/arm-none-eabi/lib//libc.a(lib_a-strtod.o)
 .rodata.blanks.6742
                0x0000000000057738       0x10 /Users/cho45/arm-cs-tools/arm-none-eabi/lib//libc.a(lib_a-vfprintf.o)
 .rodata.str1.1
                0x0000000000057748       0x32 /Users/cho45/arm-cs-tools/arm-none-eabi/lib//libc.a(lib_a-vfprintf.o)
                                         0x34 (size before relaxing)
 .rodata.zeroes.6743
                0x000000000005777a       0x10 /Users/cho45/arm-cs-tools/arm-none-eabi/lib//libc.a(lib_a-vfprintf.o)
 .rodata.str1.1
                0x000000000005778a        0xd /Users/cho45/arm-cs-tools/arm-none-eabi/lib//libc.a(lib_a-dtoa.o)
                                          0xf (size before relaxing)
 .rodata.str1.1
                0x0000000000057797        0xb /Users/cho45/arm-cs-tools/arm-none-eabi/lib//libc.a(lib_a-gdtoa-gethex.o)
                                         0x19 (size before relaxing)
 .rodata.str1.1
                0x00000000000577a2        0x8 /Users/cho45/arm-cs-tools/arm-none-eabi/lib//libc.a(lib_a-locale.o)
                                          0xb (size before relaxing)
 *fill*         0x00000000000577aa        0x6 
 .rodata.__mprec_tens
                0x00000000000577b0       0xc8 /Users/cho45/arm-cs-tools/arm-none-eabi/lib//libc.a(lib_a-mprec.o)
                0x00000000000577b0                __mprec_tens
 .rodata.__mprec_bigtens
                0x0000000000057878       0x28 /Users/cho45/arm-cs-tools/arm-none-eabi/lib//libc.a(lib_a-mprec.o)
                0x0000000000057878                __mprec_bigtens
 .rodata.p05.5249
                0x00000000000578a0        0xc /Users/cho45/arm-cs-tools/arm-none-eabi/lib//libc.a(lib_a-mprec.o)
 *fill*         0x00000000000578ac        0x4 
 .rodata.__mprec_tinytens
                0x00000000000578b0       0x28 /Users/cho45/arm-cs-tools/arm-none-eabi/lib//libc.a(lib_a-mprec.o)
                0x00000000000578b0                __mprec_tinytens
 .rodata.blanks.6727
                0x00000000000578d8       0x10 /Users/cho45/arm-cs-tools/arm-none-eabi/lib//libc.a(lib_a-svfprintf.o)
 .rodata.str1.1
                0x0000000000000000       0x34 /Users/cho45/arm-cs-tools/arm-none-eabi/lib//libc.a(lib_a-svfprintf.o)
 .rodata.zeroes.6728
                0x00000000000578e8       0x10 /Users/cho45/arm-cs-tools/arm-none-eabi/lib//libc.a(lib_a-svfprintf.o)
 .rodata.blanks.6685
                0x00000000000578f8       0x10 /Users/cho45/arm-cs-tools/arm-none-eabi/lib//libc.a(lib_a-vfiprintf.o)
 .rodata.str1.1
                0x0000000000000000       0x22 /Users/cho45/arm-cs-tools/arm-none-eabi/lib//libc.a(lib_a-vfiprintf.o)
 .rodata.zeroes.6686
                0x0000000000057908       0x10 /Users/cho45/arm-cs-tools/arm-none-eabi/lib//libc.a(lib_a-vfiprintf.o)
 .rodata.blanks.6671
                0x0000000000057918       0x10 /Users/cho45/arm-cs-tools/arm-none-eabi/lib//libc.a(lib_a-svfiprintf.o)
 .rodata.str1.1
                0x0000000000000000       0x22 /Users/cho45/arm-cs-tools/arm-none-eabi/lib//libc.a(lib_a-svfiprintf.o)
 .rodata.zeroes.6672
                0x0000000000057928       0x10 /Users/cho45/arm-cs-tools/arm-none-eabi/lib//libc.a(lib_a-svfiprintf.o)
 .rodata.str1.1
                0x0000000000057938        0x5 /Users/cho45/arm-cs-tools/arm-none-eabi/lib//libm.a(lib_a-w_fmod.o)
 .rodata.str1.1
                0x000000000005793d        0x6 /Users/cho45/arm-cs-tools/arm-none-eabi/lib//libm.a(lib_a-w_log10.o)
                                          0x7 (size before relaxing)
 .rodata.str1.1
                0x0000000000057943        0x4 /Users/cho45/arm-cs-tools/arm-none-eabi/lib//libm.a(lib_a-w_pow.o)
 *fill*         0x0000000000057947        0x1 
 .rodata.Zero   0x0000000000057948       0x10 /Users/cho45/arm-cs-tools/arm-none-eabi/lib//libm.a(lib_a-e_fmod.o)
 .rodata.dp_h   0x0000000000057958       0x10 /Users/cho45/arm-cs-tools/arm-none-eabi/lib//libm.a(lib_a-e_pow.o)
 .rodata.dp_l   0x0000000000057968       0x10 /Users/cho45/arm-cs-tools/arm-none-eabi/lib//libm.a(lib_a-e_pow.o)
 .rodata.str1.1
                0x0000000000000000        0x1 /Users/cho45/arm-cs-tools/arm-none-eabi/lib//libm.a(lib_a-e_pow.o)
 .rodata.bp     0x0000000000057978       0x10 /Users/cho45/arm-cs-tools/arm-none-eabi/lib//libm.a(lib_a-e_pow.o)
 .rodata.TWO52  0x0000000000057988       0x10 /Users/cho45/arm-cs-tools/arm-none-eabi/lib//libm.a(lib_a-s_rint.o)
                0x0000000000057998                __text_end__ = .
                0x0000000000057998                . = ALIGN (0x8)
                0x0000000000057998                __data_rom_start__ = .

.ARM.extab      0x0000000000057998        0x0
 .ARM.extab     0x0000000000057998        0x0 /Users/cho45/arm-cs-tools/lib/gcc/arm-none-eabi/4.7.3/libgcc.a(_divdi3.o)
 .ARM.extab     0x0000000000057998        0x0 /Users/cho45/arm-cs-tools/lib/gcc/arm-none-eabi/4.7.3/libgcc.a(_udivdi3.o)

.glue_7         0x0000000000057998        0x0
 .glue_7        0x0000000000000000        0x0 linker stubs

.glue_7t        0x0000000000057998        0x0
 .glue_7t       0x0000000000000000        0x0 linker stubs

.vfp11_veneer   0x0000000000057998        0x0
 .vfp11_veneer  0x0000000000000000        0x0 linker stubs

.v4_bx          0x0000000000057998        0x0
 .v4_bx         0x0000000000000000        0x0 linker stubs

.iplt           0x0000000000057998        0x0
 .iplt          0x0000000000000000        0x0 vectors.o

.data           0x0000000000057998      0xa20
                0x0000000000057998                __data_start__ = .
 *(.data .data.*)
 .data          0x0000000000057998        0x0 vectors.o
 .data          0x0000000000057998        0x0 main.o
 .data          0x0000000000057998        0x0 syscalls.o
 .data          0x0000000000057998        0x0 /Users/cho45/project/raspberrypi-mruby-bare-metal/mruby/build/arm-eabi-raspberry-pi/lib/libmruby.a(load.o)
 .data          0x0000000000057998        0x4 /Users/cho45/project/raspberrypi-mruby-bare-metal/mruby/build/arm-eabi-raspberry-pi/lib/libmruby.a(proc.o)
 .data          0x000000000005799c        0x0 /Users/cho45/project/raspberrypi-mruby-bare-metal/mruby/build/arm-eabi-raspberry-pi/lib/libmruby.a(state.o)
 .data          0x000000000005799c        0x0 /Users/cho45/project/raspberrypi-mruby-bare-metal/mruby/build/arm-eabi-raspberry-pi/lib/libmruby.a(string.o)
 .data          0x000000000005799c        0x0 /Users/cho45/project/raspberrypi-mruby-bare-metal/mruby/build/arm-eabi-raspberry-pi/lib/libmruby.a(symbol.o)
 .data          0x000000000005799c        0x0 /Users/cho45/project/raspberrypi-mruby-bare-metal/mruby/build/arm-eabi-raspberry-pi/lib/libmruby.a(variable.o)
 .data          0x000000000005799c      0x130 /Users/cho45/project/raspberrypi-mruby-bare-metal/mruby/build/arm-eabi-raspberry-pi/lib/libmruby.a(vm.o)
 .data          0x0000000000057acc        0x0 /Users/cho45/project/raspberrypi-mruby-bare-metal/mruby/build/arm-eabi-raspberry-pi/lib/libmruby.a(array.o)
 .data          0x0000000000057acc        0x0 /Users/cho45/project/raspberrypi-mruby-bare-metal/mruby/build/arm-eabi-raspberry-pi/lib/libmruby.a(class.o)
 .data          0x0000000000057acc        0x0 /Users/cho45/project/raspberrypi-mruby-bare-metal/mruby/build/arm-eabi-raspberry-pi/lib/libmruby.a(crc.o)
 .data          0x0000000000057acc        0x0 /Users/cho45/project/raspberrypi-mruby-bare-metal/mruby/build/arm-eabi-raspberry-pi/lib/libmruby.a(debug.o)
 .data          0x0000000000057acc        0x0 /Users/cho45/project/raspberrypi-mruby-bare-metal/mruby/build/arm-eabi-raspberry-pi/lib/libmruby.a(error.o)
 .data          0x0000000000057acc        0x0 /Users/cho45/project/raspberrypi-mruby-bare-metal/mruby/build/arm-eabi-raspberry-pi/lib/libmruby.a(gc.o)
 .data          0x0000000000057acc        0x0 /Users/cho45/project/raspberrypi-mruby-bare-metal/mruby/build/arm-eabi-raspberry-pi/lib/libmruby.a(hash.o)
 .data          0x0000000000057acc        0x0 /Users/cho45/project/raspberrypi-mruby-bare-metal/mruby/build/arm-eabi-raspberry-pi/lib/libmruby.a(init.o)
 .data          0x0000000000057acc        0x0 /Users/cho45/project/raspberrypi-mruby-bare-metal/mruby/build/arm-eabi-raspberry-pi/lib/libmruby.a(kernel.o)
 .data          0x0000000000057acc        0x0 /Users/cho45/project/raspberrypi-mruby-bare-metal/mruby/build/arm-eabi-raspberry-pi/lib/libmruby.a(numeric.o)
 .data          0x0000000000057acc        0x0 /Users/cho45/project/raspberrypi-mruby-bare-metal/mruby/build/arm-eabi-raspberry-pi/lib/libmruby.a(object.o)
 .data          0x0000000000057acc        0x0 /Users/cho45/project/raspberrypi-mruby-bare-metal/mruby/build/arm-eabi-raspberry-pi/lib/libmruby.a(print.o)
 .data          0x0000000000057acc        0x0 /Users/cho45/project/raspberrypi-mruby-bare-metal/mruby/build/arm-eabi-raspberry-pi/lib/libmruby.a(range.o)
 .data          0x0000000000057acc        0x0 /Users/cho45/project/raspberrypi-mruby-bare-metal/mruby/build/arm-eabi-raspberry-pi/lib/libmruby.a(version.o)
 .data          0x0000000000057acc        0x0 /Users/cho45/project/raspberrypi-mruby-bare-metal/mruby/build/arm-eabi-raspberry-pi/lib/libmruby.a(mrblib.o)
 .data          0x0000000000057acc        0x0 /Users/cho45/project/raspberrypi-mruby-bare-metal/mruby/build/arm-eabi-raspberry-pi/lib/libmruby.a(backtrace.o)
 .data          0x0000000000057acc        0x0 /Users/cho45/project/raspberrypi-mruby-bare-metal/mruby/build/arm-eabi-raspberry-pi/lib/libmruby.a(compar.o)
 .data          0x0000000000057acc        0x0 /Users/cho45/project/raspberrypi-mruby-bare-metal/mruby/build/arm-eabi-raspberry-pi/lib/libmruby.a(enum.o)
 .data          0x0000000000057acc        0x0 /Users/cho45/project/raspberrypi-mruby-bare-metal/mruby/build/arm-eabi-raspberry-pi/lib/libmruby.a(etc.o)
 .data          0x0000000000057acc        0x0 /Users/cho45/arm-cs-tools/arm-none-eabi/lib//libc.a(lib_a-abort.o)
 .data          0x0000000000057acc        0x0 /Users/cho45/arm-cs-tools/arm-none-eabi/lib//libc.a(lib_a-abs.o)
 .data          0x0000000000057acc        0x0 /Users/cho45/arm-cs-tools/arm-none-eabi/lib//libc.a(lib_a-ctype_.o)
 .data.__ctype_ptr__
                0x0000000000057acc        0x4 /Users/cho45/arm-cs-tools/arm-none-eabi/lib//libc.a(lib_a-ctype_.o)
                0x0000000000057acc                __ctype_ptr__
 .data          0x0000000000057ad0        0x0 /Users/cho45/arm-cs-tools/arm-none-eabi/lib//libc.a(lib_a-errno.o)
 .data          0x0000000000057ad0        0x0 /Users/cho45/arm-cs-tools/arm-none-eabi/lib//libc.a(lib_a-exit.o)
 .data          0x0000000000057ad0        0x0 /Users/cho45/arm-cs-tools/arm-none-eabi/lib//libc.a(lib_a-fputs.o)
 .data          0x0000000000057ad0        0x0 /Users/cho45/arm-cs-tools/arm-none-eabi/lib//libc.a(lib_a-fread.o)
 .data          0x0000000000057ad0        0x0 /Users/cho45/arm-cs-tools/arm-none-eabi/lib//libc.a(lib_a-fseek.o)
 .data          0x0000000000057ad0        0x0 /Users/cho45/arm-cs-tools/arm-none-eabi/lib//libc.a(lib_a-fstatr.o)
 .data          0x0000000000057ad0        0x0 /Users/cho45/arm-cs-tools/arm-none-eabi/lib//libc.a(lib_a-ftell.o)
 .data          0x0000000000057ad0        0x0 /Users/cho45/arm-cs-tools/arm-none-eabi/lib//libc.a(lib_a-fvwrite.o)
 .data          0x0000000000057ad0        0x0 /Users/cho45/arm-cs-tools/arm-none-eabi/lib//libc.a(lib_a-fwrite.o)